{
  "duration_seconds": 150.0,
  "datagrams": 8222,
  "heartbeats": 20,
  "heartbeat_sequences": [
    0,
    1,
    2,
    3,
    4,
    5,
    6,
    7,
    8,
    9,
    10,
    11,
    12,
    13,
    14,
    15,
    16,
    17,
    18,
    19
  ],
  "pcm_packets": 8192,
  "raw_udp_diagnostic_packets": 10,
  "expected_pcm_packets": 8192,
  "pcm_complete": true,
  "pcm_first_sequence": 20,
  "pcm_last_sequence": 8211,
  "sequence_gaps": 0,
  "duplicates": 0,
  "late_or_out_of_order": 0,
  "malformed": 0,
  "crc_errors": 0,
  "valid_pcm_samples": 4194304,
  "nonzero_pcm_samples": 3817480,
  "raw_capture": "D:\\microphone\\evidence\\physical\\20260903_final_acceptance\\udp_capture\\udp_raw_capture.bin",
  "pcm_capture": "D:\\microphone\\evidence\\physical\\20260903_final_acceptance\\udp_capture\\mic_packets.bin"
}
