MIC_DMA_SW_BOOT
MIC_SW_ENTRY
MIC_UART_READY
MIC_SOURCE=PHYSICAL_I2S_BCK_HZ=3125000_WS_HZ=48828
WARNING: Not a Marvell or TI or Realtek Ethernet PHY. Please verify the initialization sequence
link speed for phy address 3: 100
MIC_PHY3_MMD2_REG4_BEFORE=0x0077
MIC_PHY3_MMD2_REG4_AFTER=0x0077
MIC_PHY3_MMD2_REG5_BEFORE=0x7777
MIC_PHY3_MMD2_REG5_AFTER=0x7777
MIC_PHY3_MMD2_REG6_BEFORE=0x7777
MIC_PHY3_MMD2_REG6_AFTER=0x7777
MIC_PHY3_MMD2_REG8_BEFORE=0x3DEF
MIC_PHY3_MMD2_REG8_AFTER=0x3DEF
MIC_PHY3_BMCR_100M=0x2100
MIC_GEM_FORCE_100M_NWCFG=0x011F20C3
MIC_PHY3_REG0=0x2100
MIC_PHY3_REG1=0x794D
MIC_PHY3_REG2=0x0022
MIC_PHY3_REG3=0x1622
MIC_PHY3_REG4=0x01E1
MIC_PHY3_REG5=0x0000
MIC_PHY3_REG6=0x0004
MIC_PHY3_REG7=0x2001
MIC_PHY3_REG8=0x0000
MIC_PHY3_REG9=0x0300
MIC_PHY3_REG10=0x0000
MIC_GEM0_IP=192.168.1.10 HOST=192.168.1.2 PORT=45123
MIC_LWIP_GEM0_READY
MIC_GEM_DIAG stage=POST_INIT VERSION=0x00020118 NWCTRL=0x0000001C NWCFG=0x011F20C3 TXSR=0x00000000 ISR=0x00000000 TXQBASE=0x00310008 TXQ1BASE=0x00000000 INTQ1STS=0x00000000 INTQ1IER=0x00000000 INTQ1IMR=0x00000000 OCTTXL=0x00000040 TXCNT=0x00000001 TXURUNCNT=0x00000000 TXCSENSECNT=0x00000000
MIC_GEM_TX_RING_BASE=0x00310000
MIC_GEM_TXRING index=0 WORD0=0x00000000 WORD1=0x80000000
MIC_GEM_TXRING index=1 WORD0=0x00000000 WORD1=0x80000000
MIC_GEM_TXRING index=2 WORD0=0x00000000 WORD1=0x80000000
MIC_GEM_TXRING index=3 WORD0=0x00000000 WORD1=0x80000000
MIC_GEM_TXRING index=4 WORD0=0x00000000 WORD1=0x80000000
MIC_GEM_TXRING index=5 WORD0=0x00000000 WORD1=0x80000000
MIC_GEM_TXRING index=6 WORD0=0x00000000 WORD1=0x80000000
MIC_GEM_TXRING index=7 WORD0=0x00000000 WORD1=0x80000000
MIC_GEM_TXBD index=0 WORD0=0x00000000 WORD1=0x80000000 USED=1 WRAP=0 LAST=0 LEN=0
MIC_GEM_TXBD index=1 WORD0=0x00000000 WORD1=0x80000000 USED=1 WRAP=0 LAST=0 LEN=0
MIC_GEM_TXBD index=2 WORD0=0x00000000 WORD1=0x80000000 USED=1 WRAP=0 LAST=0 LEN=0
MIC_GEM_TXBD index=3 WORD0=0x00000000 WORD1=0x80000000 USED=1 WRAP=0 LAST=0 LEN=0
MIC_GEM_TX_STATE stage=POST_INIT BASE=0x00310000 PHYS=0x00310000 HWHEAD=0x00310008 HWTAIL=0x00310008 PREHEAD=0x00310008 POSTHEAD=0x00310008 HWCNT=0 PRECNT=0 POSTCNT=0 FREECNT=64 ALLCNT=64 RUN=515
MIC_PHY_LOCAL_LOOPBACK_SKIPPED_STABLE_RUN
MIC_RX_DIAG stage=POST_INIT INPUT_CALLS=0 INPUT_PACKETS=0 RXSR=0x00000000 ISR=0x00000000 RXCNT=0 RX64=0 OCTRXL=0 HWCNT=64 FREECNT=0
MIC_ARP_REQUEST_ERR err=0
MIC_GEM_DIAG stage=ARP_AFTER VERSION=0x00020118 NWCTRL=0x0000001C NWCFG=0x011F20C3 TXSR=0x00000000 ISR=0x00000000 TXQBASE=0x00310010 TXQ1BASE=0x00000000 INTQ1STS=0x00000000 INTQ1IER=0x00000000 INTQ1IMR=0x00000000 OCTTXL=0x00000040 TXCNT=0x00000001 TXURUNCNT=0x00000000 TXCSENSECNT=0x00000000
MIC_GEM_TX_RING_BASE=0x00310000
MIC_GEM_TXRING index=0 WORD0=0x00000000 WORD1=0x80000000
MIC_GEM_TXRING index=1 WORD0=0x00000000 WORD1=0x80000000
MIC_GEM_TXRING index=2 WORD0=0x00000000 WORD1=0x80000000
MIC_GEM_TXRING index=3 WORD0=0x00000000 WORD1=0x80000000
MIC_GEM_TXRING index=4 WORD0=0x00000000 WORD1=0x80000000
MIC_GEM_TXRING index=5 WORD0=0x00000000 WORD1=0x80000000
MIC_GEM_TXRING index=6 WORD0=0x00000000 WORD1=0x80000000
MIC_GEM_TXRING index=7 WORD0=0x00000000 WORD1=0x80000000
MIC_GEM_TXBD index=0 WORD0=0x00000000 WORD1=0x80000000 USED=1 WRAP=0 LAST=0 LEN=0
MIC_GEM_TXBD index=1 WORD0=0x00000000 WORD1=0x80000000 USED=1 WRAP=0 LAST=0 LEN=0
MIC_GEM_TXBD index=2 WORD0=0x00000000 WORD1=0x80000000 USED=1 WRAP=0 LAST=0 LEN=0
MIC_GEM_TXBD index=3 WORD0=0x00000000 WORD1=0x80000000 USED=1 WRAP=0 LAST=0 LEN=0
MIC_GEM_TX_STATE stage=ARP_AFTER BASE=0x00310000 PHYS=0x00310000 HWHEAD=0x00310010 HWTAIL=0x00310010 PREHEAD=0x00310010 POSTHEAD=0x00310010 HWCNT=0 PRECNT=0 POSTCNT=0 FREECNT=64 ALLCNT=64 RUN=515
MIC_GEM_DIAG stage=RAW_ARP_BEFORE VERSION=0x00020118 NWCTRL=0x0000001C NWCFG=0x011F20C3 TXSR=0x00000000 ISR=0x00000000 TXQBASE=0x00310010 TXQ1BASE=0x00000000 INTQ1STS=0x00000000 INTQ1IER=0x00000000 INTQ1IMR=0x00000000 OCTTXL=0x00000000 TXCNT=0x00000000 TXURUNCNT=0x00000000 TXCSENSECNT=0x00000000
MIC_GEM_TX_RING_BASE=0x00310000
MIC_GEM_TXRING index=0 WORD0=0x00000000 WORD1=0x80000000
MIC_GEM_TXRING index=1 WORD0=0x00000000 WORD1=0x80000000
MIC_GEM_TXRING index=2 WORD0=0x00000000 WORD1=0x80000000
MIC_GEM_TXRING index=3 WORD0=0x00000000 WORD1=0x80000000
MIC_GEM_TXRING index=4 WORD0=0x00000000 WORD1=0x80000000
MIC_GEM_TXRING index=5 WORD0=0x00000000 WORD1=0x80000000
MIC_GEM_TXRING index=6 WORD0=0x00000000 WORD1=0x80000000
MIC_GEM_TXRING index=7 WORD0=0x00000000 WORD1=0x80000000
MIC_GEM_TXBD index=0 WORD0=0x00000000 WORD1=0x80000000 USED=1 WRAP=0 LAST=0 LEN=0
MIC_GEM_TXBD index=1 WORD0=0x00000000 WORD1=0x80000000 USED=1 WRAP=0 LAST=0 LEN=0
MIC_GEM_TXBD index=2 WORD0=0x00000000 WORD1=0x80000000 USED=1 WRAP=0 LAST=0 LEN=0
MIC_GEM_TXBD index=3 WORD0=0x00000000 WORD1=0x80000000 USED=1 WRAP=0 LAST=0 LEN=0
MIC_RAW_ARP_SEND_ERR err=0 length=60
MIC_GEM_DIAG stage=RAW_ARP_AFTER VERSION=0x00020118 NWCTRL=0x0000001C NWCFG=0x011F20C3 TXSR=0x00000000 ISR=0x00000000 TXQBASE=0x00310018 TXQ1BASE=0x00000000 INTQ1STS=0x00000000 INTQ1IER=0x00000000 INTQ1IMR=0x00000000 OCTTXL=0x00000040 TXCNT=0x00000001 TXURUNCNT=0x00000000 TXCSENSECNT=0x00000000
MIC_GEM_TX_RING_BASE=0x00310000
MIC_GEM_TXRING index=0 WORD0=0x00000000 WORD1=0x80000000
MIC_GEM_TXRING index=1 WORD0=0x00000000 WORD1=0x80000000
MIC_GEM_TXRING index=2 WORD0=0x00000000 WORD1=0x80000000
MIC_GEM_TXRING index=3 WORD0=0x00000000 WORD1=0x80000000
MIC_GEM_TXRING index=4 WORD0=0x00000000 WORD1=0x80000000
MIC_GEM_TXRING index=5 WORD0=0x00000000 WORD1=0x80000000
MIC_GEM_TXRING index=6 WORD0=0x00000000 WORD1=0x80000000
MIC_GEM_TXRING index=7 WORD0=0x00000000 WORD1=0x80000000
MIC_GEM_TXBD index=0 WORD0=0x00000000 WORD1=0x80000000 USED=1 WRAP=0 LAST=0 LEN=0
MIC_GEM_TXBD index=1 WORD0=0x00000000 WORD1=0x80000000 USED=1 WRAP=0 LAST=0 LEN=0
MIC_GEM_TXBD index=2 WORD0=0x00000000 WORD1=0x80000000 USED=1 WRAP=0 LAST=0 LEN=0
MIC_GEM_TXBD index=3 WORD0=0x00000000 WORD1=0x80000000 USED=1 WRAP=0 LAST=0 LEN=0
MIC_GEM_TX_STATE stage=RAW_ARP_AFTER BASE=0x00310000 PHYS=0x00310000 HWHEAD=0x00310018 HWTAIL=0x00310018 PREHEAD=0x00310018 POSTHEAD=0x00310018 HWCNT=0 PRECNT=0 POSTCNT=0 FREECNT=64 ALLCNT=64 RUN=515
MIC_GEM_DIAG stage=RAW_BEFORE VERSION=0x00020118 NWCTRL=0x0000001C NWCFG=0x011F20C3 TXSR=0x00000000 ISR=0x00000000 TXQBASE=0x00310018 TXQ1BASE=0x00000000 INTQ1STS=0x00000000 INTQ1IER=0x00000000 INTQ1IMR=0x00000000 OCTTXL=0x00000000 TXCNT=0x00000000 TXURUNCNT=0x00000000 TXCSENSECNT=0x00000000
MIC_GEM_TX_RING_BASE=0x00310000
MIC_GEM_TXRING index=0 WORD0=0x00000000 WORD1=0x80000000
MIC_GEM_TXRING index=1 WORD0=0x00000000 WORD1=0x80000000
MIC_GEM_TXRING index=2 WORD0=0x00000000 WORD1=0x80000000
MIC_GEM_TXRING index=3 WORD0=0x00000000 WORD1=0x80000000
MIC_GEM_TXRING index=4 WORD0=0x00000000 WORD1=0x80000000
MIC_GEM_TXRING index=5 WORD0=0x00000000 WORD1=0x80000000
MIC_GEM_TXRING index=6 WORD0=0x00000000 WORD1=0x80000000
MIC_GEM_TXRING index=7 WORD0=0x00000000 WORD1=0x80000000
MIC_GEM_TXBD index=0 WORD0=0x00000000 WORD1=0x80000000 USED=1 WRAP=0 LAST=0 LEN=0
MIC_GEM_TXBD index=1 WORD0=0x00000000 WORD1=0x80000000 USED=1 WRAP=0 LAST=0 LEN=0
MIC_GEM_TXBD index=2 WORD0=0x00000000 WORD1=0x80000000 USED=1 WRAP=0 LAST=0 LEN=0
MIC_GEM_TXBD index=3 WORD0=0x00000000 WORD1=0x80000000 USED=1 WRAP=0 LAST=0 LEN=0
MIC_RAW_L2_SEND_ERR err=0 length=60
MIC_GEM_DIAG stage=RAW_AFTER VERSION=0x00020118 NWCTRL=0x0000001C NWCFG=0x011F20C3 TXSR=0x00000000 ISR=0x00000000 TXQBASE=0x00310020 TXQ1BASE=0x00000000 INTQ1STS=0x00000000 INTQ1IER=0x00000000 INTQ1IMR=0x00000000 OCTTXL=0x00000040 TXCNT=0x00000001 TXURUNCNT=0x00000000 TXCSENSECNT=0x00000000
MIC_GEM_TX_RING_BASE=0x00310000
MIC_GEM_TXRING index=0 WORD0=0x00000000 WORD1=0x80000000
MIC_GEM_TXRING index=1 WORD0=0x00000000 WORD1=0x80000000
MIC_GEM_TXRING index=2 WORD0=0x00000000 WORD1=0x80000000
MIC_GEM_TXRING index=3 WORD0=0x00000000 WORD1=0x80000000
MIC_GEM_TXRING index=4 WORD0=0x00000000 WORD1=0x80000000
MIC_GEM_TXRING index=5 WORD0=0x00000000 WORD1=0x80000000
MIC_GEM_TXRING index=6 WORD0=0x00000000 WORD1=0x80000000
MIC_GEM_TXRING index=7 WORD0=0x00000000 WORD1=0x80000000
MIC_GEM_TXBD index=0 WORD0=0x00000000 WORD1=0x80000000 USED=1 WRAP=0 LAST=0 LEN=0
MIC_GEM_TXBD index=1 WORD0=0x00000000 WORD1=0x80000000 USED=1 WRAP=0 LAST=0 LEN=0
MIC_GEM_TXBD index=2 WORD0=0x00000000 WORD1=0x80000000 USED=1 WRAP=0 LAST=0 LEN=0
MIC_GEM_TXBD index=3 WORD0=0x00000000 WORD1=0x80000000 USED=1 WRAP=0 LAST=0 LEN=0
MIC_GEM_TX_STATE stage=RAW_AFTER BASE=0x00310000 PHYS=0x00310000 HWHEAD=0x00310020 HWTAIL=0x00310020 PREHEAD=0x00310020 POSTHEAD=0x00310020 HWCNT=0 PRECNT=0 POSTCNT=0 FREECNT=64 ALLCNT=64 RUN=515
MIC_DYNAMIC_ARP_WAIT_BEGIN
MIC_RX_DIAG stage=DYNAMIC_ARP_WAIT INPUT_CALLS=3000 INPUT_PACKETS=9 RXSR=0x00000000 ISR=0x00000000 RXCNT=0 RX64=6 OCTRXL=726 HWCNT=64 FREECNT=0
MIC_ARP_ENTRY state=STABLE IP=192.168.1.2 MAC=00:E0:4C:17:46:98
MIC_ARP_STATIC_ADD_ERR err=0 MAC=00:E0:4C:17:46:98
MIC_ARP_ENTRY state=STABLE IP=192.168.1.2 MAC=00:E0:4C:17:46:98
MIC_GEM_DIAG stage=UDP_BEFORE VERSION=0x00020118 NWCTRL=0x0000001C NWCFG=0x011F20C3 TXSR=0x00000000 ISR=0x00000000 TXQBASE=0x00310020 TXQ1BASE=0x00000000 INTQ1STS=0x00000000 INTQ1IER=0x00000000 INTQ1IMR=0x00000000 OCTTXL=0x00000000 TXCNT=0x00000000 TXURUNCNT=0x00000000 TXCSENSECNT=0x00000000
MIC_GEM_TX_RING_BASE=0x00310000
MIC_GEM_TXRING index=0 WORD0=0x00000000 WORD1=0x80000000
MIC_GEM_TXRING index=1 WORD0=0x00000000 WORD1=0x80000000
MIC_GEM_TXRING index=2 WORD0=0x00000000 WORD1=0x80000000
MIC_GEM_TXRING index=3 WORD0=0x00000000 WORD1=0x80000000
MIC_GEM_TXRING index=4 WORD0=0x00000000 WORD1=0x80000000
MIC_GEM_TXRING index=5 WORD0=0x00000000 WORD1=0x80000000
MIC_GEM_TXRING index=6 WORD0=0x00000000 WORD1=0x80000000
MIC_GEM_TXRING index=7 WORD0=0x00000000 WORD1=0x80000000
MIC_GEM_TXBD index=0 WORD0=0x00000000 WORD1=0x80000000 USED=1 WRAP=0 LAST=0 LEN=0
MIC_GEM_TXBD index=1 WORD0=0x00000000 WORD1=0x80000000 USED=1 WRAP=0 LAST=0 LEN=0
MIC_GEM_TXBD index=2 WORD0=0x00000000 WORD1=0x80000000 USED=1 WRAP=0 LAST=0 LEN=0
MIC_GEM_TXBD index=3 WORD0=0x00000000 WORD1=0x80000000 USED=1 WRAP=0 LAST=0 LEN=0
MIC_UDP_SEND_ERR index=0 err=0 length=20
MIC_GEM_DIAG stage=UDP_AFTER VERSION=0x00020118 NWCTRL=0x0000001C NWCFG=0x011F20C3 TXSR=0x00000000 ISR=0x00000000 TXQBASE=0x00310028 TXQ1BASE=0x00000000 INTQ1STS=0x00000000 INTQ1IER=0x00000000 INTQ1IMR=0x00000000 OCTTXL=0x00000042 TXCNT=0x00000001 TXURUNCNT=0x00000000 TXCSENSECNT=0x00000000
MIC_GEM_TX_RING_BASE=0x00310000
MIC_GEM_TXRING index=0 WORD0=0x00000000 WORD1=0x80000000
MIC_GEM_TXRING index=1 WORD0=0x00000000 WORD1=0x80000000
MIC_GEM_TXRING index=2 WORD0=0x00000000 WORD1=0x80000000
MIC_GEM_TXRING index=3 WORD0=0x00000000 WORD1=0x80000000
MIC_GEM_TXRING index=4 WORD0=0x00000000 WORD1=0x80000000
MIC_GEM_TXRING index=5 WORD0=0x00000000 WORD1=0x80000000
MIC_GEM_TXRING index=6 WORD0=0x00000000 WORD1=0x80000000
MIC_GEM_TXRING index=7 WORD0=0x00000000 WORD1=0x80000000
MIC_GEM_TXBD index=0 WORD0=0x00000000 WORD1=0x80000000 USED=1 WRAP=0 LAST=0 LEN=0
MIC_GEM_TXBD index=1 WORD0=0x00000000 WORD1=0x80000000 USED=1 WRAP=0 LAST=0 LEN=0
MIC_GEM_TXBD index=2 WORD0=0x00000000 WORD1=0x80000000 USED=1 WRAP=0 LAST=0 LEN=0
MIC_GEM_TXBD index=3 WORD0=0x00000000 WORD1=0x80000000 USED=1 WRAP=0 LAST=0 LEN=0
MIC_STATIC_HEARTBEAT index=0 ok=1
MIC_GEM_DIAG stage=UDP_BEFORE VERSION=0x00020118 NWCTRL=0x0000001C NWCFG=0x011F20C3 TXSR=0x00000000 ISR=0x00000000 TXQBASE=0x00310028 TXQ1BASE=0x00000000 INTQ1STS=0x00000000 INTQ1IER=0x00000000 INTQ1IMR=0x00000000 OCTTXL=0x00000000 TXCNT=0x00000000 TXURUNCNT=0x00000000 TXCSENSECNT=0x00000000
MIC_GEM_TX_RING_BASE=0x00310000
MIC_GEM_TXRING index=0 WORD0=0x00000000 WORD1=0x80000000
MIC_GEM_TXRING index=1 WORD0=0x00000000 WORD1=0x80000000
MIC_GEM_TXRING index=2 WORD0=0x00000000 WORD1=0x80000000
MIC_GEM_TXRING index=3 WORD0=0x00000000 WORD1=0x80000000
MIC_GEM_TXRING index=4 WORD0=0x00000000 WORD1=0x80000000
MIC_GEM_TXRING index=5 WORD0=0x00000000 WORD1=0x80000000
MIC_GEM_TXRING index=6 WORD0=0x00000000 WORD1=0x80000000
MIC_GEM_TXRING index=7 WORD0=0x00000000 WORD1=0x80000000
MIC_GEM_TXBD index=0 WORD0=0x00000000 WORD1=0x80000000 USED=1 WRAP=0 LAST=0 LEN=0
MIC_GEM_TXBD index=1 WORD0=0x00000000 WORD1=0x80000000 USED=1 WRAP=0 LAST=0 LEN=0
MIC_GEM_TXBD index=2 WORD0=0x00000000 WORD1=0x80000000 USED=1 WRAP=0 LAST=0 LEN=0
MIC_GEM_TXBD index=3 WORD0=0x00000000 WORD1=0x80000000 USED=1 WRAP=0 LAST=0 LEN=0
MIC_UDP_SEND_ERR index=1 err=0 length=20
MIC_GEM_DIAG stage=UDP_AFTER VERSION=0x00020118 NWCTRL=0x0000001C NWCFG=0x011F20C3 TXSR=0x00000000 ISR=0x00000000 TXQBASE=0x00310030 TXQ1BASE=0x00000000 INTQ1STS=0x00000000 INTQ1IER=0x00000000 INTQ1IMR=0x00000000 OCTTXL=0x00000042 TXCNT=0x00000001 TXURUNCNT=0x00000000 TXCSENSECNT=0x00000000
MIC_GEM_TX_RING_BASE=0x00310000
MIC_GEM_TXRING index=0 WORD0=0x00000000 WORD1=0x80000000
MIC_GEM_TXRING index=1 WORD0=0x00000000 WORD1=0x80000000
MIC_GEM_TXRING index=2 WORD0=0x00000000 WORD1=0x80000000
MIC_GEM_TXRING index=3 WORD0=0x00000000 WORD1=0x80000000
MIC_GEM_TXRING index=4 WORD0=0x00000000 WORD1=0x80000000
MIC_GEM_TXRING index=5 WORD0=0x00000000 WORD1=0x80000000
MIC_GEM_TXRING index=6 WORD0=0x00000000 WORD1=0x80000000
MIC_GEM_TXRING index=7 WORD0=0x00000000 WORD1=0x80000000
MIC_GEM_TXBD index=0 WORD0=0x00000000 WORD1=0x80000000 USED=1 WRAP=0 LAST=0 LEN=0
MIC_GEM_TXBD index=1 WORD0=0x00000000 WORD1=0x80000000 USED=1 WRAP=0 LAST=0 LEN=0
MIC_GEM_TXBD index=2 WORD0=0x00000000 WORD1=0x80000000 USED=1 WRAP=0 LAST=0 LEN=0
MIC_GEM_TXBD index=3 WORD0=0x00000000 WORD1=0x80000000 USED=1 WRAP=0 LAST=0 LEN=0
MIC_STATIC_HEARTBEAT index=1 ok=1
MIC_GEM_DIAG stage=UDP_BEFORE VERSION=0x00020118 NWCTRL=0x0000001C NWCFG=0x011F20C3 TXSR=0x00000000 ISR=0x00000000 TXQBASE=0x00310030 TXQ1BASE=0x00000000 INTQ1STS=0x00000000 INTQ1IER=0x00000000 INTQ1IMR=0x00000000 OCTTXL=0x00000000 TXCNT=0x00000000 TXURUNCNT=0x00000000 TXCSENSECNT=0x00000000
MIC_GEM_TX_RING_BASE=0x00310000
MIC_GEM_TXRING index=0 WORD0=0x00000000 WORD1=0x80000000
MIC_GEM_TXRING index=1 WORD0=0x00000000 WORD1=0x80000000
MIC_GEM_TXRING index=2 WORD0=0x00000000 WORD1=0x80000000
MIC_GEM_TXRING index=3 WORD0=0x00000000 WORD1=0x80000000
MIC_GEM_TXRING index=4 WORD0=0x00000000 WORD1=0x80000000
MIC_GEM_TXRING index=5 WORD0=0x00000000 WORD1=0x80000000
MIC_GEM_TXRING index=6 WORD0=0x00000000 WORD1=0x80000000
MIC_GEM_TXRING index=7 WORD0=0x00000000 WORD1=0x80000000
MIC_GEM_TXBD index=0 WORD0=0x00000000 WORD1=0x80000000 USED=1 WRAP=0 LAST=0 LEN=0
MIC_GEM_TXBD index=1 WORD0=0x00000000 WORD1=0x80000000 USED=1 WRAP=0 LAST=0 LEN=0
MIC_GEM_TXBD index=2 WORD0=0x00000000 WORD1=0x80000000 USED=1 WRAP=0 LAST=0 LEN=0
MIC_GEM_TXBD index=3 WORD0=0x00000000 WORD1=0x80000000 USED=1 WRAP=0 LAST=0 LEN=0
MIC_UDP_SEND_ERR index=2 err=0 length=20
MIC_GEM_DIAG stage=UDP_AFTER VERSION=0x00020118 NWCTRL=0x0000001C NWCFG=0x011F20C3 TXSR=0x00000000 ISR=0x00000000 TXQBASE=0x00310038 TXQ1BASE=0x00000000 INTQ1STS=0x00000000 INTQ1IER=0x00000000 INTQ1IMR=0x00000000 OCTTXL=0x00000042 TXCNT=0x00000001 TXURUNCNT=0x00000000 TXCSENSECNT=0x00000000
MIC_GEM_TX_RING_BASE=0x00310000
MIC_GEM_TXRING index=0 WORD0=0x00000000 WORD1=0x80000000
MIC_GEM_TXRING index=1 WORD0=0x00000000 WORD1=0x80000000
MIC_GEM_TXRING index=2 WORD0=0x00000000 WORD1=0x80000000
MIC_GEM_TXRING index=3 WORD0=0x00000000 WORD1=0x80000000
MIC_GEM_TXRING index=4 WORD0=0x00000000 WORD1=0x80000000
MIC_GEM_TXRING index=5 WORD0=0x00000000 WORD1=0x80000000
MIC_GEM_TXRING index=6 WORD0=0x00000000 WORD1=0x80000000
MIC_GEM_TXRING index=7 WORD0=0x00000000 WORD1=0x80000000
MIC_GEM_TXBD index=0 WORD0=0x00000000 WORD1=0x80000000 USED=1 WRAP=0 LAST=0 LEN=0
MIC_GEM_TXBD index=1 WORD0=0x00000000 WORD1=0x80000000 USED=1 WRAP=0 LAST=0 LEN=0
MIC_GEM_TXBD index=2 WORD0=0x00000000 WORD1=0x80000000 USED=1 WRAP=0 LAST=0 LEN=0
MIC_GEM_TXBD index=3 WORD0=0x00000000 WORD1=0x80000000 USED=1 WRAP=0 LAST=0 LEN=0
MIC_STATIC_HEARTBEAT index=2 ok=1
MIC_STATIC_HEARTBEAT index=3 ok=1
MIC_STATIC_HEARTBEAT index=4 ok=1
MIC_STATIC_HEARTBEAT index=5 ok=1
MIC_STATIC_HEARTBEAT index=6 ok=1
MIC_STATIC_HEARTBEAT index=7 ok=1
MIC_STATIC_HEARTBEAT index=8 ok=1
MIC_STATIC_HEARTBEAT index=9 ok=1
MIC_STATIC_HEARTBEAT index=10 ok=1
MIC_STATIC_HEARTBEAT index=11 ok=1
MIC_STATIC_HEARTBEAT index=12 ok=1
MIC_STATIC_HEARTBEAT index=13 ok=1
MIC_STATIC_HEARTBEAT index=14 ok=1
MIC_STATIC_HEARTBEAT index=15 ok=1
MIC_STATIC_HEARTBEAT index=16 ok=1
MIC_STATIC_HEARTBEAT index=17 ok=1
MIC_STATIC_HEARTBEAT index=18 ok=1
MIC_STATIC_HEARTBEAT index=19 ok=1
MIC_RX_DIAG stage=STATIC_HEARTBEAT_DONE INPUT_CALLS=3020 INPUT_PACKETS=19 RXSR=0x00000000 ISR=0x00000000 RXCNT=0 RX64=1 OCTRXL=1090 HWCNT=64 FREECNT=0
MIC_RAW_UDP_SEND index=0 err=0 length=69
MIC_RAW_UDP_SEND index=1 err=0 length=69
MIC_RAW_UDP_SEND index=2 err=0 length=69
MIC_RAW_UDP_SEND index=3 err=0 length=69
MIC_RAW_UDP_SEND index=4 err=0 length=69
MIC_RAW_UDP_SEND index=5 err=0 length=69
MIC_RAW_UDP_SEND index=6 err=0 length=69
MIC_RAW_UDP_SEND index=7 err=0 length=69
MIC_RAW_UDP_SEND index=8 err=0 length=69
MIC_RAW_UDP_SEND index=9 err=0 length=69
MIC_RX_DIAG stage=RAW_UDP_DONE INPUT_CALLS=3030 INPUT_PACKETS=20 RXSR=0x00000000 ISR=0x00000000 RXCNT=0 RX64=1 OCTRXL=64 HWCNT=64 FREECNT=0
MIC_BEFORE_DMA_LOOKUP
MIC_AFTER_DMA_LOOKUP
MIC_BEFORE_DMA_CFG
MIC_AFTER_DMA_CFG
MIC_DMA_AXIL_PHYSICAL_PASS
MIC_DMA_DEVICE_ID=0 BASE=0x40400000
MIC_CAPTURE_ARMED
MIC_UDP_PCM_SENT frame=0 seq=21
MIC_UDP_PCM_SENT frame=256 seq=533
MIC_UDP_PCM_SENT frame=512 seq=1045
MIC_UDP_PCM_SENT frame=768 seq=1557
MIC_UDP_PCM_SENT frame=1024 seq=2069
MIC_UDP_PCM_SENT frame=1280 seq=2581
MIC_UDP_PCM_SENT frame=1536 seq=3093
MIC_UDP_PCM_SENT frame=1792 seq=3605
MIC_UDP_PCM_SENT frame=2048 seq=4117
MIC_UDP_PCM_SENT frame=2304 seq=4629
MIC_UDP_PCM_SENT frame=2560 seq=5141
MIC_UDP_PCM_SENT frame=2816 seq=5653
MIC_UDP_PCM_SENT frame=3072 seq=6165
MIC_UDP_PCM_SENT frame=3328 seq=6677
MIC_UDP_PCM_SENT frame=3584 seq=7189
MIC_UDP_PCM_SENT frame=3840 seq=7701
MIC_UDP_BOUNDED_COMPLETE frames=4096
MIC_PCM_STATS_SR_HZ=48828 CHANNELS=8 SAMPLES=128
MIC_CH0_MIN=-32768_MAX=32767_MEAN_ABS=20793
MIC_CH1_MIN=-16384_MAX=16383_MEAN_ABS=10371
MIC_CH2_MIN=-8192_MAX=8191_MEAN_ABS=5161
MIC_CH3_MIN=-4096_MAX=4095_MEAN_ABS=2563
MIC_CH4_MIN=-2048_MAX=2047_MEAN_ABS=1270
MIC_CH5_MIN=-1024_MAX=1023_MEAN_ABS=628
MIC_CH6_MIN=-512_MAX=511_MEAN_ABS=310
MIC_CH7_MIN=-256_MAX=255_MEAN_ABS=153
