
****** Vivado v2019.1 (64-bit)
  **** SW Build 2552052 on Fri May 24 14:49:42 MDT 2019
  **** IP Build 2548770 on Fri May 24 18:01:18 MDT 2019
    ** Copyright 1986-2019 Xilinx, Inc. All Rights Reserved.

source {vivado\build_mic_dma.tcl}
# set script_dir [file dirname [file normalize [info script]]]
# set repo_dir [file dirname $script_dir]
# set build_leaf mic_dma
# if {[info exists ::env(MIC_VIVADO_BUILD_LEAF)] && $::env(MIC_VIVADO_BUILD_LEAF) ne ""} {
#     set build_leaf $::env(MIC_VIVADO_BUILD_LEAF)
# }
# set build_dir [file join $script_dir build $build_leaf]
# set report_dir [file join $repo_dir reports generated]
# file mkdir $build_dir
# file mkdir $report_dir
# create_project -force mic_dma $build_dir -part xc7z020clg400-2
# set_property target_language Verilog [current_project]
# add_files -norecurse [list \
#     [file join $repo_dir rtl pcm_synthetic_source.sv] \
#     [file join $repo_dir rtl lc_ai_k210_7mic_frontend.sv] \
#     [file join $repo_dir rtl pcm_axis_packer.sv] \
#     [file join $repo_dir rtl mic_dma_pipeline.sv] \
#     [file join $repo_dir rtl mic_dma_pipeline_ref.v] \
#     [file join $repo_dir rtl resetn_inverter.v] \
#     [file join $repo_dir rtl pl_runtime_probe.sv] \
#     [file join $repo_dir rtl pl_runtime_probe_ref.v]]
# add_files -fileset constrs_1 -norecurse [file join $repo_dir vivado lc_ai_k210_7mic.xdc]
# add_files -fileset constrs_1 -norecurse [file join $repo_dir vivado pl_runtime_probe.xdc]
# set led_xdc [file join $repo_dir vivado pl_runtime_probe.xdc]
# set led_fh [open $led_xdc r]
# set led_text [read $led_fh]
# close $led_fh
# set led_pin_matches [regexp -all -inline {PACKAGE_PIN\s+([A-Z][0-9]+)\s+\[get_ports\s+\{([[:alnum:]_\[\]]+)\}\]} $led_text]
# if {[llength $led_pin_matches] != 12} {
#     error "unexpected runtime LED constraint count: $led_pin_matches"
# }
# set led_assignments [dict create]
# for {set i 0} {$i < [llength $led_pin_matches]} {incr i 3} {
#     dict set led_assignments [lindex $led_pin_matches [expr {$i + 1}]] [lindex $led_pin_matches [expr {$i + 2}]]
# }
# foreach {led_pin led_port} {
#     J14 {dbg_led_n[0]}
#     K14 {dbg_led_n[1]}
#     J18 {dbg_led_n[2]}
#     H18 {dbg_led_n[3]}
# } {
#     if {![dict exists $led_assignments $led_pin] || [dict get $led_assignments $led_pin] ne $led_port} {
#         error "runtime LED constraint missing or mismatched: $led_pin -> $led_port"
#     }
# }
# update_compile_order -fileset sources_1
# create_bd_design mic_dma_system
Wrote  : <D:\microphone\vivado\build\mic_dma_runtime_probe_20260903\mic_dma.srcs\sources_1\bd\mic_dma_system\mic_dma_system.bd> 
# source [file join $script_dir create_mic_dma_bd.tcl]
## set ps [create_bd_cell -type ip -vlnv xilinx.com:ip:processing_system7:5.5 processing_system7_0]
## set ps_config [file join [file dirname [file normalize [info script]]] ax7z020_ps7_properties.tcl]
## source -notrace $ps_config
## if {![info exists m0_ps7_properties]} { error "AX7Z020 PS7 property source missing: $ps_config" }
## set_property -dict $m0_ps7_properties $ps
## set_property -dict [list \
##     CONFIG.PCW_USE_M_AXI_GP0 {1} \
##     CONFIG.PCW_USE_S_AXI_HP0 {1} \
##     CONFIG.PCW_USE_FABRIC_INTERRUPT {1} \
##     CONFIG.PCW_IRQ_F2P_INTR {1} \
##     CONFIG.PCW_FPGA0_PERIPHERAL_FREQMHZ {50.0}] $ps
## make_bd_intf_pins_external [get_bd_intf_pins $ps/DDR]
## set_property name DDR [get_bd_intf_ports DDR_0]
## make_bd_intf_pins_external [get_bd_intf_pins $ps/FIXED_IO]
## set_property name FIXED_IO [get_bd_intf_ports FIXED_IO_0]
## set rst [create_bd_cell -type ip -vlnv xilinx.com:ip:proc_sys_reset:5.0 proc_sys_reset_0]
## set_property CONFIG.C_AUX_RESET_HIGH {1} $rst
INFO: [IP_Flow 19-5107] Inferred bus interface 'reset_o' of definition 'xilinx.com:signal:reset:1.0' (from Xilinx Repository).
INFO: [IP_Flow 19-234] Refreshing IP repositories
INFO: [IP_Flow 19-1704] No user IP repositories specified
## set reset_inv [create_bd_cell -type module -reference resetn_inverter resetn_inverter_0]
## set gp [create_bd_cell -type ip -vlnv xilinx.com:ip:axi_interconnect:2.1 gp0_control_interconnect]
## set_property -dict [list CONFIG.NUM_SI {1} CONFIG.NUM_MI {2}] $gp
## set hp [create_bd_cell -type ip -vlnv xilinx.com:ip:axi_interconnect:2.1 hp0_memory_interconnect]
## set_property -dict [list CONFIG.NUM_SI {1} CONFIG.NUM_MI {1}] $hp
## set dma [create_bd_cell -type ip -vlnv xilinx.com:ip:axi_dma:7.1 axi_dma_0]
## set_property -dict [list \
##     CONFIG.c_include_sg {0} \
##     CONFIG.c_include_mm2s {0} \
##     CONFIG.c_include_s2mm {1} \
##     CONFIG.c_s_axis_s2mm_tdata_width {32} \
##     CONFIG.c_sg_length_width {23} \
##     CONFIG.c_include_s2mm_dre {0}] $dma
CRITICAL WARNING: [BD 41-737] Cannot set the parameter c_s_axis_s2mm_tdata_width on /axi_dma_0. It is read-only.
INFO: [IP_Flow 19-5107] Inferred bus interface 'clk' of definition 'xilinx.com:signal:clock:1.0' (from X_INTERFACE_INFO parameter from HDL file).
INFO: [IP_Flow 19-5107] Inferred bus interface 'clk' of definition 'xilinx.com:signal:clock:1.0' (from 'X_INTERFACE_INFO' attribute).
INFO: [IP_Flow 19-5107] Inferred bus interface 'resetn' of definition 'xilinx.com:signal:reset:1.0' (from X_INTERFACE_INFO parameter from HDL file).
INFO: [IP_Flow 19-5107] Inferred bus interface 'resetn' of definition 'xilinx.com:signal:reset:1.0' (from 'X_INTERFACE_INFO' attribute).
INFO: [IP_Flow 19-5107] Inferred bus interface 'M_AXIS' of definition 'xilinx.com:interface:axis:1.0' (from X_INTERFACE_INFO parameter from HDL file).
INFO: [IP_Flow 19-5107] Inferred bus interface 'M_AXIS' of definition 'xilinx.com:interface:axis:1.0' (from 'X_INTERFACE_INFO' attribute).
INFO: [IP_Flow 19-4728] Bus Interface 'clk': Added interface parameter 'ASSOCIATED_BUSIF' with value 'M_AXIS'.
INFO: [IP_Flow 19-4728] Bus Interface 'clk': Added interface parameter 'ASSOCIATED_RESET' with value 'resetn'.
INFO: [IP_Flow 19-4728] Bus Interface 'resetn': Added interface parameter 'POLARITY' with value 'ACTIVE_LOW'.
INFO: [IP_Flow 19-4728] Bus Interface 'M_AXIS': Added interface parameter 'TDATA_NUM_BYTES' with value '4'.
INFO: [IP_Flow 19-4728] Bus Interface 'M_AXIS': Added interface parameter 'HAS_TKEEP' with value '1'.
INFO: [IP_Flow 19-4728] Bus Interface 'M_AXIS': Added interface parameter 'HAS_TLAST' with value '1'.
INFO: [IP_Flow 19-234] Refreshing IP repositories
INFO: [IP_Flow 19-1704] No user IP repositories specified
## set pipeline [create_bd_cell -type module -reference mic_dma_pipeline_ref mic_dma_pipeline_0]
## set source_mode 0
## if {[info exists ::env(MIC_SOURCE_MODE)] && $::env(MIC_SOURCE_MODE) ne ""} {
##     set source_mode $::env(MIC_SOURCE_MODE)
## }
## set_property -dict [list \
##     CONFIG.CHANNELS {8} \
##     CONFIG.SAMPLES_PER_FRAME {128} \
##     CONFIG.SOURCE_MODE $source_mode \
##     CONFIG.SOURCE_SEED {0x13579BDF}] $pipeline
INFO: [xilinx.com:ip:ila:6.2-6] /ila_0: Xilinx recommends using the System ILA IP in IP Integrator. The System ILA IP is functionally equivalent to an ILA and offers additional benefits in debugging interfaces both within IP Integrator and the Hardware Manager. Consult the Programming and Debug User Guide UG908 for further details.
## set ila [create_bd_cell -type ip -vlnv xilinx.com:ip:ila:6.2 ila_0]
## set_property -dict [list CONFIG.C_NUM_OF_PROBES {1} CONFIG.C_PROBE0_WIDTH {256} CONFIG.C_DATA_DEPTH {1024}] $ila
## set irqcat [create_bd_cell -type ip -vlnv xilinx.com:ip:xlconcat:2.1 irq_concat]
## set_property CONFIG.NUM_PORTS {1} $irqcat
## set c0 [create_bd_cell -type ip -vlnv xilinx.com:ip:xlconstant:1.1 const_zero]
## set_property -dict [list CONFIG.CONST_VAL {0} CONFIG.CONST_WIDTH {1}] $c0
## set c1 [create_bd_cell -type ip -vlnv xilinx.com:ip:xlconstant:1.1 const_one]
## set_property -dict [list CONFIG.CONST_VAL {1} CONFIG.CONST_WIDTH {1}] $c1
## set gpio_diag [create_bd_cell -type ip -vlnv xilinx.com:ip:axi_gpio:2.0 axi_gpio_diag]
## set_property -dict [list CONFIG.C_GPIO_WIDTH {1} CONFIG.C_ALL_INPUTS {1}] $gpio_diag
INFO: [IP_Flow 19-5107] Inferred bus interface 'interconnect_aresetn' of definition 'xilinx.com:signal:reset:1.0' (from Xilinx Repository).
INFO: [IP_Flow 19-5107] Inferred bus interface 'peripheral_aresetn' of definition 'xilinx.com:signal:reset:1.0' (from Xilinx Repository).
INFO: [IP_Flow 19-4728] Bus Interface 'interconnect_aresetn': Added interface parameter 'POLARITY' with value 'ACTIVE_LOW'.
INFO: [IP_Flow 19-4728] Bus Interface 'peripheral_aresetn': Added interface parameter 'POLARITY' with value 'ACTIVE_LOW'.
INFO: [IP_Flow 19-234] Refreshing IP repositories
INFO: [IP_Flow 19-1704] No user IP repositories specified
## set runtime_probe [create_bd_cell -type module -reference pl_runtime_probe_ref pl_runtime_probe_0]
## connect_bd_intf_net [get_bd_intf_pins $ps/M_AXI_GP0] [get_bd_intf_pins $gp/S00_AXI]
## connect_bd_intf_net [get_bd_intf_pins $gp/M00_AXI] [get_bd_intf_pins $dma/S_AXI_LITE]
## connect_bd_intf_net [get_bd_intf_pins $gp/M01_AXI] [get_bd_intf_pins $gpio_diag/S_AXI]
## connect_bd_intf_net [get_bd_intf_pins $pipeline/M_AXIS] [get_bd_intf_pins $dma/S_AXIS_S2MM]
## connect_bd_intf_net [get_bd_intf_pins $dma/M_AXI_S2MM] [get_bd_intf_pins $hp/S00_AXI]
## connect_bd_intf_net [get_bd_intf_pins $hp/M00_AXI] [get_bd_intf_pins $ps/S_AXI_HP0]
## connect_bd_net [get_bd_pins $dma/s2mm_introut] [get_bd_pins $irqcat/In0]
## connect_bd_net [get_bd_pins $irqcat/dout] [get_bd_pins $ps/IRQ_F2P]
## foreach {pin name} [list \
##     $pipeline/mic_d0 mic_d0 $pipeline/mic_d1 mic_d1 \
##     $pipeline/mic_d2 mic_d2 $pipeline/mic_d3 mic_d3 \
##     $pipeline/mic_bck mic_bck $pipeline/mic_ws mic_ws] {
##     make_bd_pins_external [get_bd_pins $pin]
##     set ext [lindex [get_bd_ports -of_objects [get_bd_pins $pin]] 0]
##     if {$ext ne ""} { set_property name $name $ext }
## }
WARNING: [BD 5-236] No ports matched 'get_bd_ports -of_objects /mic_dma_pipeline_0/mic_d0'
WARNING: [BD 5-236] No ports matched 'get_bd_ports -of_objects /mic_dma_pipeline_0/mic_d1'
WARNING: [BD 5-236] No ports matched 'get_bd_ports -of_objects /mic_dma_pipeline_0/mic_d2'
WARNING: [BD 5-236] No ports matched 'get_bd_ports -of_objects /mic_dma_pipeline_0/mic_d3'
WARNING: [BD 5-236] No ports matched 'get_bd_ports -of_objects /mic_dma_pipeline_0/mic_bck'
WARNING: [BD 5-236] No ports matched 'get_bd_ports -of_objects /mic_dma_pipeline_0/mic_ws'
## set fclk [get_bd_pins $ps/FCLK_CLK0]
## foreach pin [list \
##     $ps/M_AXI_GP0_ACLK $ps/S_AXI_HP0_ACLK \
##     $gp/ACLK $gp/S00_ACLK $gp/M00_ACLK $gp/M01_ACLK \
##     $hp/ACLK $hp/S00_ACLK $hp/M00_ACLK \
##     $dma/s_axi_lite_aclk $dma/m_axi_s2mm_aclk \
##     $pipeline/clk $ila/clk $rst/slowest_sync_clk] {
##     connect_bd_net $fclk [get_bd_pins $pin]
## }
## connect_bd_net [get_bd_pins $pipeline/debug_probe] [get_bd_pins $ila/probe0]
WARNING: [BD 41-1306] The connection to interface pin /ila_0/probe0 is being overridden by the user. This pin will not be connected as a part of interface connection SLOT_0_AXI
## connect_bd_net [get_bd_pins $ps/FCLK_RESET0_N] [get_bd_pins $reset_inv/resetn_i]
WARNING: [BD 41-1731] Type mismatch between connected pins: /processing_system7_0/FCLK_RESET0_N(rst) and /resetn_inverter_0/resetn_i(undef)
## connect_bd_net [get_bd_pins $reset_inv/reset_o] [get_bd_pins $rst/ext_reset_in]
## connect_bd_net [get_bd_pins $c0/dout] [get_bd_pins $rst/aux_reset_in] [get_bd_pins $rst/mb_debug_sys_rst]
## connect_bd_net [get_bd_pins $c1/dout] [get_bd_pins $rst/dcm_locked]
## connect_bd_net [get_bd_pins $c0/dout] [get_bd_pins $gpio_diag/gpio_io_i]
WARNING: [BD 41-1306] The connection to interface pin /axi_gpio_diag/gpio_io_i is being overridden by the user. This pin will not be connected as a part of interface connection GPIO
## set interconnect_resetn [get_bd_pins $rst/interconnect_aresetn]
## foreach pin [list \
##     $gp/ARESETN $gp/S00_ARESETN $gp/M00_ARESETN $gp/M01_ARESETN \
##     $hp/ARESETN $hp/S00_ARESETN $hp/M00_ARESETN] {
##     connect_bd_net $interconnect_resetn [get_bd_pins $pin]
## }
## set peripheral_resetn [get_bd_pins $rst/peripheral_aresetn]
## connect_bd_net $peripheral_resetn [get_bd_pins $dma/axi_resetn] [get_bd_pins $pipeline/resetn]
## connect_bd_net $fclk [get_bd_pins $gpio_diag/s_axi_aclk]
## connect_bd_net $interconnect_resetn [get_bd_pins $gpio_diag/s_axi_aresetn]
## connect_bd_net $fclk [get_bd_pins $runtime_probe/fclk0]
WARNING: [BD 41-1731] Type mismatch between connected pins: /processing_system7_0/FCLK_CLK0(clk) and /pl_runtime_probe_0/fclk0(undef)
## connect_bd_net [get_bd_pins $ps/FCLK_RESET0_N] [get_bd_pins $runtime_probe/fclk_reset0_n]
WARNING: [BD 41-1731] Type mismatch between connected pins: /processing_system7_0/FCLK_RESET0_N(rst) and /pl_runtime_probe_0/fclk_reset0_n(undef)
## connect_bd_net $interconnect_resetn [get_bd_pins $runtime_probe/interconnect_aresetn]
## connect_bd_net $peripheral_resetn [get_bd_pins $runtime_probe/peripheral_aresetn]
## set runtime_led_port [create_bd_port -dir O -from 3 -to 0 dbg_led_n]
## connect_bd_net [get_bd_pins $runtime_probe/dbg_led_n] $runtime_led_port
## assign_bd_address -offset 0x40400000 -range 64K \
##     -target_address_space [get_bd_addr_spaces $ps/Data] \
##     [get_bd_addr_segs $dma/S_AXI_LITE/Reg]
Slave segment </axi_dma_0/S_AXI_LITE/Reg> is being mapped into address space </processing_system7_0/Data> at <0x4040_0000 [ 64K ]>
## assign_bd_address -offset 0x41200000 -range 4K \
##     -target_address_space [get_bd_addr_spaces $ps/Data] \
##     [get_bd_addr_segs $gpio_diag/S_AXI/Reg]
Slave segment </axi_gpio_diag/S_AXI/Reg> is being mapped into address space </processing_system7_0/Data> at <0x4120_0000 [ 4K ]>
## assign_bd_address -target_address_space [get_bd_addr_spaces $dma/Data_S2MM] \
##     [get_bd_addr_segs $ps/S_AXI_HP0/HP0_DDR_LOWOCM]
Slave segment </processing_system7_0/S_AXI_HP0/HP0_DDR_LOWOCM> is being mapped into address space </axi_dma_0/Data_S2MM> at <0x0000_0000 [ 1G ]>
## validate_bd_design
WARNING: [BD 41-927] Following properties on pin /mic_dma_pipeline_0/clk have been updated from connected ip. They may not be synchronized with cell properties. You can set property on pin directly to confirm the value and resolve the warning.
	CLK_DOMAIN=mic_dma_system_processing_system7_0_0_FCLK_CLK0 
## foreach {prop expected} {
##     CONFIG.PCW_USE_M_AXI_GP0 1
##     CONFIG.PCW_USE_S_AXI_HP0 1
##     CONFIG.PCW_EN_DDR 1
##     CONFIG.PCW_FPGA0_PERIPHERAL_FREQMHZ 50.0
## } {
##     set actual [get_property $prop $ps]
##     if {![string equal $actual $expected] && ![string equal $actual "${expected}000000"]} {
##         error "PS7 assertion failed: $prop expected=$expected actual=$actual"
##     }
## }
## foreach {prop expected} {
##     CONFIG.c_include_sg 0
##     CONFIG.c_include_mm2s 0
##     CONFIG.c_include_s2mm 1
##     CONFIG.c_s_axis_s2mm_tdata_width 32
##     CONFIG.c_sg_length_width 23
##     CONFIG.c_include_s2mm_dre 0
## } {
##     set actual [get_property $prop $dma]
##     if {![string equal $actual $expected]} {
##         error "DMA assertion failed: $prop expected=$expected actual=$actual"
##     }
## }
## set dma_map [get_bd_addr_segs -of_objects [get_bd_addr_spaces $ps/Data] -filter {NAME =~ *axi_dma_0*}]
## if {[llength $dma_map] != 1} { error "DMA address segment count expected 1: $dma_map" }
## set dma_offset [get_property OFFSET $dma_map]
## set dma_range [get_property RANGE $dma_map]
## if {$dma_offset ne "0x40400000" || ($dma_range ne "64K" && $dma_range ne "65536" && $dma_range ne "0x00010000")} {
##     error "DMA address assertion failed: offset=$dma_offset range=$dma_range"
## }
## proc assert_one_net {pin label} {
##     set nets [get_bd_nets -of_objects [get_bd_pins $pin]]
##     if {[llength $nets] != 1} { error "$label clock/reset net count expected 1: $nets" }
## }
## foreach {pin label} [list \
##     $ps/FCLK_CLK0 PS_FCLK0 \
##     $ps/M_AXI_GP0_ACLK PS_GP0_ACLK \
##     $ps/S_AXI_HP0_ACLK PS_HP0_ACLK \
##     $dma/s_axi_lite_aclk DMA_AXIL_CLK \
##     $dma/m_axi_s2mm_aclk DMA_S2MM_CLK \
##     $rst/interconnect_aresetn RESET_INTERCONNECT \
##     $rst/peripheral_aresetn RESET_PERIPHERAL \
##     $dma/axi_resetn DMA_RESET \
##     $pipeline/resetn PIPELINE_RESET] { assert_one_net $pin $label }
## set runtime_led_ports [get_bd_ports -quiet dbg_led_n]
## if {[llength $runtime_led_ports] != 1} { error "runtime probe LED port count expected 1: $runtime_led_ports" }
## if {[get_property LEFT $runtime_led_ports] != 3 || [get_property RIGHT $runtime_led_ports] != 0} {
##     error "runtime probe LED port width expected [3:0]: [get_property LEFT $runtime_led_ports]:[get_property RIGHT $runtime_led_ports]"
## }
## foreach {pin label} [list \
##     $runtime_probe/fclk0 RUNTIME_PROBE_FCLK0 \
##     $runtime_probe/fclk_reset0_n RUNTIME_PROBE_FCLK_RESET0_N \
##     $runtime_probe/interconnect_aresetn RUNTIME_PROBE_INTERCONNECT_RESET \
##     $runtime_probe/peripheral_aresetn RUNTIME_PROBE_PERIPHERAL_RESET] { assert_one_net $pin $label }
## foreach {pin label} [list \
##     $ps/M_AXI_GP0 GP0_INTERFACE \
##     $gp/M00_AXI GP0_TO_DMA \
##     $pipeline/M_AXIS PIPELINE_TO_DMA \
##     $dma/M_AXI_S2MM DMA_TO_HP0 \
##     $hp/M00_AXI HP0_TO_PS] {
##     set nets [get_bd_intf_nets -of_objects [get_bd_intf_pins $pin]]
##     if {[llength $nets] != 1} { error "$label interface net count expected 1: $nets" }
## }
## puts "MIC_M2_CLOCK_RESET_ASSERT_PASS"
MIC_M2_CLOCK_RESET_ASSERT_PASS
## puts "MIC_M2_DMA_CONFIG_ASSERT_PASS"
MIC_M2_DMA_CONFIG_ASSERT_PASS
## puts "MIC_M2_ADDRESS_ASSERT_PASS DMA=$dma_offset RANGE=$dma_range"
MIC_M2_ADDRESS_ASSERT_PASS DMA=0x40400000 RANGE=0x00010000
## save_bd_design
Wrote  : <D:\microphone\vivado\build\mic_dma_runtime_probe_20260903\mic_dma.srcs\sources_1\bd\mic_dma_system\mic_dma_system.bd> 
# puts "MIC_DMA_BD_VALIDATION_PASS"
MIC_DMA_BD_VALIDATION_PASS
# generate_target all [get_files [file join $build_dir mic_dma.srcs sources_1 bd mic_dma_system mic_dma_system.bd]]
INFO: [BD 41-1662] The design 'mic_dma_system.bd' is already validated. Therefore parameter propagation will not be re-run.
VHDL Output written to : D:/microphone/vivado/build/mic_dma_runtime_probe_20260903/mic_dma.srcs/sources_1/bd/mic_dma_system/synth/mic_dma_system.v
VHDL Output written to : D:/microphone/vivado/build/mic_dma_runtime_probe_20260903/mic_dma.srcs/sources_1/bd/mic_dma_system/sim/mic_dma_system.v
VHDL Output written to : D:/microphone/vivado/build/mic_dma_runtime_probe_20260903/mic_dma.srcs/sources_1/bd/mic_dma_system/hdl/mic_dma_system_wrapper.v
INFO: [BD 41-1029] Generation completed for the IP Integrator block processing_system7_0 .
INFO: [BD 41-1029] Generation completed for the IP Integrator block proc_sys_reset_0 .
INFO: [BD 41-1029] Generation completed for the IP Integrator block resetn_inverter_0 .
INFO: [BD 41-1029] Generation completed for the IP Integrator block gp0_control_interconnect/xbar .
WARNING: [IP_Flow 19-4994] Overwriting existing constraint file 'd:/microphone/vivado/build/mic_dma_runtime_probe_20260903/mic_dma.srcs/sources_1/bd/mic_dma_system/ip/mic_dma_system_auto_pc_0/mic_dma_system_auto_pc_0_ooc.xdc'
INFO: [BD 41-1029] Generation completed for the IP Integrator block gp0_control_interconnect/s00_couplers/auto_pc .
WARNING: [IP_Flow 19-4994] Overwriting existing constraint file 'd:/microphone/vivado/build/mic_dma_runtime_probe_20260903/mic_dma.srcs/sources_1/bd/mic_dma_system/ip/mic_dma_system_auto_pc_1/mic_dma_system_auto_pc_1_ooc.xdc'
INFO: [BD 41-1029] Generation completed for the IP Integrator block hp0_memory_interconnect/s00_couplers/auto_pc .
WARNING: [IP_Flow 19-4994] Overwriting existing constraint file 'd:/microphone/vivado/build/mic_dma_runtime_probe_20260903/mic_dma.srcs/sources_1/bd/mic_dma_system/ip/mic_dma_system_auto_us_0/mic_dma_system_auto_us_0_ooc.xdc'
INFO: [BD 41-1029] Generation completed for the IP Integrator block hp0_memory_interconnect/s00_couplers/auto_us .
INFO: [BD 41-1029] Generation completed for the IP Integrator block axi_dma_0 .
INFO: [BD 41-1029] Generation completed for the IP Integrator block mic_dma_pipeline_0 .
WARNING: [IP_Flow 19-4994] Overwriting existing constraint file 'd:/microphone/vivado/build/mic_dma_runtime_probe_20260903/mic_dma.srcs/sources_1/bd/mic_dma_system/ip/mic_dma_system_ila_0_0/mic_dma_system_ila_0_0_ooc.xdc'
INFO: [BD 41-1029] Generation completed for the IP Integrator block ila_0 .
INFO: [BD 41-1029] Generation completed for the IP Integrator block irq_concat .
INFO: [BD 41-1029] Generation completed for the IP Integrator block const_zero .
INFO: [BD 41-1029] Generation completed for the IP Integrator block const_one .
INFO: [BD 41-1029] Generation completed for the IP Integrator block axi_gpio_diag .
INFO: [BD 41-1029] Generation completed for the IP Integrator block pl_runtime_probe_0 .
Exporting to file D:/microphone/vivado/build/mic_dma_runtime_probe_20260903/mic_dma.srcs/sources_1/bd/mic_dma_system/hw_handoff/mic_dma_system.hwh
Generated Block Design Tcl file D:/microphone/vivado/build/mic_dma_runtime_probe_20260903/mic_dma.srcs/sources_1/bd/mic_dma_system/hw_handoff/mic_dma_system_bd.tcl
Generated Hardware Definition File D:/microphone/vivado/build/mic_dma_runtime_probe_20260903/mic_dma.srcs/sources_1/bd/mic_dma_system/synth/mic_dma_system.hwdef
generate_target: Time (s): cpu = 00:00:10 ; elapsed = 00:00:13 . Memory (MB): peak = 789.078 ; gain = 186.938
# make_wrapper -files [get_files [file join $build_dir mic_dma.srcs sources_1 bd mic_dma_system mic_dma_system.bd]] -top
# add_files -norecurse [file join $build_dir mic_dma.srcs sources_1 bd mic_dma_system hdl mic_dma_system_wrapper.v]
# set_property top mic_dma_system_wrapper [get_filesets sources_1]
# set led_ports [get_ports -quiet {dbg_led_n[*]}]
# if {[llength $led_ports] != 4} { error "generated dbg_led_n port width expected 4: $led_ports" }
ERROR: [Common 17-53] User Exception: No open design. Please open an elaborated, synthesized or implemented design before executing this command.
INFO: [Common 17-206] Exiting Vivado at Thu Sep  3 13:58:05 2026...
