
****** Vivado v2019.1 (64-bit)
  **** SW Build 2552052 on Fri May 24 14:49:42 MDT 2019
  **** IP Build 2548770 on Fri May 24 18:01:18 MDT 2019
    ** Copyright 1986-2019 Xilinx, Inc. All Rights Reserved.

source {vivado\build_mic_dma.tcl}
# set script_dir [file dirname [file normalize [info script]]]
# set repo_dir [file dirname $script_dir]
# set build_leaf mic_dma
# if {[info exists ::env(MIC_VIVADO_BUILD_LEAF)] && $::env(MIC_VIVADO_BUILD_LEAF) ne ""} {
#     set build_leaf $::env(MIC_VIVADO_BUILD_LEAF)
# }
# set build_dir [file join $script_dir build $build_leaf]
# set report_dir [file join $repo_dir reports generated]
# file mkdir $build_dir
# file mkdir $report_dir
# create_project -force mic_dma $build_dir -part xc7z020clg400-2
# set_property target_language Verilog [current_project]
# add_files -norecurse [list \
#     [file join $repo_dir rtl pcm_synthetic_source.sv] \
#     [file join $repo_dir rtl lc_ai_k210_7mic_frontend.sv] \
#     [file join $repo_dir rtl pcm_axis_packer.sv] \
#     [file join $repo_dir rtl mic_dma_pipeline.sv] \
#     [file join $repo_dir rtl mic_dma_pipeline_ref.v] \
#     [file join $repo_dir rtl resetn_inverter.v] \
#     [file join $repo_dir rtl pl_runtime_probe.sv]]
# add_files -fileset constrs_1 -norecurse [file join $repo_dir vivado lc_ai_k210_7mic.xdc]
# add_files -fileset constrs_1 -norecurse [file join $repo_dir vivado pl_runtime_probe.xdc]
# set led_xdc [file join $repo_dir vivado pl_runtime_probe.xdc]
# set led_fh [open $led_xdc r]
# set led_text [read $led_fh]
# close $led_fh
# set led_pin_matches [regexp -all -inline {PACKAGE_PIN\s+([A-Z][0-9]+)\s+\[get_ports\s+\{([[:alnum:]_\[\]]+)\}\]} $led_text]
# if {[llength $led_pin_matches] != 12} {
#     error "unexpected runtime LED constraint count: $led_pin_matches"
# }
# set led_assignments [dict create]
# for {set i 0} {$i < [llength $led_pin_matches]} {incr i 3} {
#     dict set led_assignments [lindex $led_pin_matches [expr {$i + 1}]] [lindex $led_pin_matches [expr {$i + 2}]]
# }
# foreach {led_pin led_port} {
#     J14 {dbg_led_n[0]}
#     K14 {dbg_led_n[1]}
#     J18 {dbg_led_n[2]}
#     H18 {dbg_led_n[3]}
# } {
#     if {![dict exists $led_assignments $led_pin] || [dict get $led_assignments $led_pin] ne $led_port} {
#         error "runtime LED constraint missing or mismatched: $led_pin -> $led_port"
#     }
# }
# update_compile_order -fileset sources_1
# create_bd_design mic_dma_system
Wrote  : <D:\microphone\vivado\build\mic_dma_runtime_probe_20260903\mic_dma.srcs\sources_1\bd\mic_dma_system\mic_dma_system.bd> 
# source [file join $script_dir create_mic_dma_bd.tcl]
## set ps [create_bd_cell -type ip -vlnv xilinx.com:ip:processing_system7:5.5 processing_system7_0]
## set ps_config [file join [file dirname [file normalize [info script]]] ax7z020_ps7_properties.tcl]
## source -notrace $ps_config
## if {![info exists m0_ps7_properties]} { error "AX7Z020 PS7 property source missing: $ps_config" }
## set_property -dict $m0_ps7_properties $ps
## set_property -dict [list \
##     CONFIG.PCW_USE_M_AXI_GP0 {1} \
##     CONFIG.PCW_USE_S_AXI_HP0 {1} \
##     CONFIG.PCW_USE_FABRIC_INTERRUPT {1} \
##     CONFIG.PCW_IRQ_F2P_INTR {1} \
##     CONFIG.PCW_FPGA0_PERIPHERAL_FREQMHZ {50.0}] $ps
## make_bd_intf_pins_external [get_bd_intf_pins $ps/DDR]
## set_property name DDR [get_bd_intf_ports DDR_0]
## make_bd_intf_pins_external [get_bd_intf_pins $ps/FIXED_IO]
## set_property name FIXED_IO [get_bd_intf_ports FIXED_IO_0]
## set rst [create_bd_cell -type ip -vlnv xilinx.com:ip:proc_sys_reset:5.0 proc_sys_reset_0]
## set_property CONFIG.C_AUX_RESET_HIGH {1} $rst
INFO: [IP_Flow 19-5107] Inferred bus interface 'reset_o' of definition 'xilinx.com:signal:reset:1.0' (from Xilinx Repository).
INFO: [IP_Flow 19-234] Refreshing IP repositories
INFO: [IP_Flow 19-1704] No user IP repositories specified
## set reset_inv [create_bd_cell -type module -reference resetn_inverter resetn_inverter_0]
## set gp [create_bd_cell -type ip -vlnv xilinx.com:ip:axi_interconnect:2.1 gp0_control_interconnect]
## set_property -dict [list CONFIG.NUM_SI {1} CONFIG.NUM_MI {2}] $gp
## set hp [create_bd_cell -type ip -vlnv xilinx.com:ip:axi_interconnect:2.1 hp0_memory_interconnect]
## set_property -dict [list CONFIG.NUM_SI {1} CONFIG.NUM_MI {1}] $hp
## set dma [create_bd_cell -type ip -vlnv xilinx.com:ip:axi_dma:7.1 axi_dma_0]
## set_property -dict [list \
##     CONFIG.c_include_sg {0} \
##     CONFIG.c_include_mm2s {0} \
##     CONFIG.c_include_s2mm {1} \
##     CONFIG.c_s_axis_s2mm_tdata_width {32} \
##     CONFIG.c_sg_length_width {23} \
##     CONFIG.c_include_s2mm_dre {0}] $dma
CRITICAL WARNING: [BD 41-737] Cannot set the parameter c_s_axis_s2mm_tdata_width on /axi_dma_0. It is read-only.
INFO: [IP_Flow 19-5107] Inferred bus interface 'clk' of definition 'xilinx.com:signal:clock:1.0' (from X_INTERFACE_INFO parameter from HDL file).
INFO: [IP_Flow 19-5107] Inferred bus interface 'clk' of definition 'xilinx.com:signal:clock:1.0' (from 'X_INTERFACE_INFO' attribute).
INFO: [IP_Flow 19-5107] Inferred bus interface 'resetn' of definition 'xilinx.com:signal:reset:1.0' (from X_INTERFACE_INFO parameter from HDL file).
INFO: [IP_Flow 19-5107] Inferred bus interface 'resetn' of definition 'xilinx.com:signal:reset:1.0' (from 'X_INTERFACE_INFO' attribute).
INFO: [IP_Flow 19-5107] Inferred bus interface 'M_AXIS' of definition 'xilinx.com:interface:axis:1.0' (from X_INTERFACE_INFO parameter from HDL file).
INFO: [IP_Flow 19-5107] Inferred bus interface 'M_AXIS' of definition 'xilinx.com:interface:axis:1.0' (from 'X_INTERFACE_INFO' attribute).
INFO: [IP_Flow 19-4728] Bus Interface 'clk': Added interface parameter 'ASSOCIATED_BUSIF' with value 'M_AXIS'.
INFO: [IP_Flow 19-4728] Bus Interface 'clk': Added interface parameter 'ASSOCIATED_RESET' with value 'resetn'.
INFO: [IP_Flow 19-4728] Bus Interface 'resetn': Added interface parameter 'POLARITY' with value 'ACTIVE_LOW'.
INFO: [IP_Flow 19-4728] Bus Interface 'M_AXIS': Added interface parameter 'TDATA_NUM_BYTES' with value '4'.
INFO: [IP_Flow 19-4728] Bus Interface 'M_AXIS': Added interface parameter 'HAS_TKEEP' with value '1'.
INFO: [IP_Flow 19-4728] Bus Interface 'M_AXIS': Added interface parameter 'HAS_TLAST' with value '1'.
INFO: [IP_Flow 19-234] Refreshing IP repositories
INFO: [IP_Flow 19-1704] No user IP repositories specified
## set pipeline [create_bd_cell -type module -reference mic_dma_pipeline_ref mic_dma_pipeline_0]
## set source_mode 0
## if {[info exists ::env(MIC_SOURCE_MODE)] && $::env(MIC_SOURCE_MODE) ne ""} {
##     set source_mode $::env(MIC_SOURCE_MODE)
## }
## set_property -dict [list \
##     CONFIG.CHANNELS {8} \
##     CONFIG.SAMPLES_PER_FRAME {128} \
##     CONFIG.SOURCE_MODE $source_mode \
##     CONFIG.SOURCE_SEED {0x13579BDF}] $pipeline
INFO: [xilinx.com:ip:ila:6.2-6] /ila_0: Xilinx recommends using the System ILA IP in IP Integrator. The System ILA IP is functionally equivalent to an ILA and offers additional benefits in debugging interfaces both within IP Integrator and the Hardware Manager. Consult the Programming and Debug User Guide UG908 for further details.
## set ila [create_bd_cell -type ip -vlnv xilinx.com:ip:ila:6.2 ila_0]
## set_property -dict [list CONFIG.C_NUM_OF_PROBES {1} CONFIG.C_PROBE0_WIDTH {256} CONFIG.C_DATA_DEPTH {1024}] $ila
## set irqcat [create_bd_cell -type ip -vlnv xilinx.com:ip:xlconcat:2.1 irq_concat]
## set_property CONFIG.NUM_PORTS {1} $irqcat
## set c0 [create_bd_cell -type ip -vlnv xilinx.com:ip:xlconstant:1.1 const_zero]
## set_property -dict [list CONFIG.CONST_VAL {0} CONFIG.CONST_WIDTH {1}] $c0
## set c1 [create_bd_cell -type ip -vlnv xilinx.com:ip:xlconstant:1.1 const_one]
## set_property -dict [list CONFIG.CONST_VAL {1} CONFIG.CONST_WIDTH {1}] $c1
## set gpio_diag [create_bd_cell -type ip -vlnv xilinx.com:ip:axi_gpio:2.0 axi_gpio_diag]
## set_property -dict [list CONFIG.C_GPIO_WIDTH {1} CONFIG.C_ALL_INPUTS {1}] $gpio_diag
ERROR: [filemgmt 56-195] Reference 'pl_runtime_probe' contains top file 'D:/microphone/rtl/pl_runtime_probe.sv' of type SystemVerilog. This type is not allowed as the top file in the reference.
ERROR: [BD 41-1690] Unable to resolve module-source based on inputs: pl_runtime_probe
ERROR: [BD 5-7] Error: running create_bd_cell  -type module -reference pl_runtime_probe -name pl_runtime_probe_0 .
ERROR: [Common 17-39] 'create_bd_cell' failed due to earlier errors.

    while executing
"create_bd_cell -type module -reference pl_runtime_probe pl_runtime_probe_0"
    invoked from within
"set runtime_probe [create_bd_cell -type module -reference pl_runtime_probe pl_runtime_probe_0]"
    (file "D:/microphone/vivado/create_mic_dma_bd.tcl" line 53)

    while executing
"source [file join $script_dir create_mic_dma_bd.tcl]"
    (file "vivado\build_mic_dma.tcl" line 50)
INFO: [Common 17-206] Exiting Vivado at Thu Sep  3 13:56:01 2026...
