MIC_DMA_SW_BOOT
MIC_SW_ENTRY
MIC_UART_READY
MIC_SOURCE=PHYSICAL_I2S_BCK_HZ=3125000_WS_HZ=48828
MIC_BEFORE_DMA_LOOKUP
MIC_AFTER_DMA_LOOKUP
MIC_BEFORE_DMA_CFG
MIC_AFTER_DMA_CFG
MIC_DMA_AXIL_PHYSICAL_PASS
MIC_DMA_DEVICE_ID=0 BASE=0x40400000
MIC_CAPTURE_ARMED
MIC_BEFORE_DMA_TRANSFER
MIC_AFTER_DMA_TRANSFER
MIC_DMA_STATUS=0x00001002 TIMEOUT=0
MIC_PCM_STATS_SR_HZ=48828 CHANNELS=8 SAMPLES=128
MIC_CH0_MIN=-32768_MAX=32767_MEAN_ABS=20923
MIC_CH1_MIN=-16384_MAX=16383_MEAN_ABS=10438
MIC_CH2_MIN=-16657_MAX=8191_MEAN_ABS=5291
MIC_CH3_MIN=-8531_MAX=4095_MEAN_ABS=2629
MIC_CH4_MIN=-16657_MAX=2047_MEAN_ABS=1400
MIC_CH5_MIN=-8531_MAX=1023_MEAN_ABS=695
MIC_CH6_MIN=-16657_MAX=511_MEAN_ABS=440
MIC_CH7_MIN=-8531_MAX=255_MEAN_ABS=219
MIC_CAPTURE_COMPLETE
MIC_DMA_CAPTURE_COMPLETE_NEEDS_PHYSICAL_ACCEPTANCE
