MIC_DMA_SW_BOOT
MIC_SW_ENTRY
MIC_UART_READY
MIC_SOURCE=PHYSICAL_I2S_BCK_HZ=3125000_WS_HZ=48828
WARNING: Not a Marvell or TI or Realtek Ethernet PHY. Please verify the initialization sequence
link speed for phy address 3: 1000
MIC_GEM0_IP=192.168.1.10 HOST=192.168.1.2 PORT=45123
MIC_LWIP_GEM0_READY
MIC_UDP_HEARTBEAT_SENT
MIC_BEFORE_DMA_LOOKUP
MIC_AFTER_DMA_LOOKUP
MIC_BEFORE_DMA_CFG
MIC_AFTER_DMA_CFG
MIC_DMA_AXIL_PHYSICAL_PASS
MIC_DMA_DEVICE_ID=0 BASE=0x40400000
MIC_CAPTURE_ARMED
MIC_UDP_PCM_SENT frame=0 seq=2
MIC_UDP_PCM_SENT frame=256 seq=514
MIC_UDP_PCM_SENT frame=512 seq=1026
MIC_UDP_PCM_SENT frame=768 seq=1538
MIC_UDP_PCM_SENT frame=1024 seq=2050
MIC_UDP_PCM_SENT frame=1280 seq=2562
MIC_UDP_PCM_SENT frame=1536 seq=3074
MIC_UDP_PCM_SENT frame=1792 seq=3586
MIC_UDP_PCM_SENT frame=2048 seq=4098
MIC_UDP_PCM_SENT frame=2304 seq=4610
MIC_UDP_PCM_SENT frame=2560 seq=5122
MIC_UDP_PCM_SENT frame=2816 seq=5634
MIC_UDP_PCM_SENT frame=3072 seq=6146
MIC_UDP_PCM_SENT frame=3328 seq=6658
MIC_UDP_PCM_SENT frame=3584 seq=7170
MIC_UDP_PCM_SENT frame=3840 seq=7682
MIC_UDP_BOUNDED_COMPLETE frames=4096
MIC_PCM_STATS_SR_HZ=48828 CHANNELS=8 SAMPLES=128
MIC_CH0_MIN=-32768_MAX=32767_MEAN_ABS=20793
MIC_CH1_MIN=-16384_MAX=16383_MEAN_ABS=10371
MIC_CH2_MIN=-8192_MAX=8191_MEAN_ABS=5161
MIC_CH3_MIN=-4096_MAX=4095_MEAN_ABS=2563
MIC_CH4_MIN=-2048_MAX=2047_MEAN_ABS=1270
MIC_CH5_MIN=-1024_MAX=1023_MEAN_ABS=628
MIC_CH6_MIN=-512_MAX=511_MEAN_ABS=310
MIC_CH7_MIN=-256_MAX=255_MEAN_ABS=153
