MIC_DMA_SW_BOOT
MIC_SW_ENTRY
MIC_UART_READY
MIC_SOURCE=PHYSICAL_I2S
MIC_SOURCE=PHYSICAL_I2S_BCK_HZ=3125000_WS_HZ=48828 SLOT_BITS=32 VALID_BITS=24 PCM_RIGHT_SHIFT=8
MIC_MAX_FRAMES=120000
WARNING: Not a Marvell or TI or Realtek Ethernet PHY. Please verify the initialization sequence
link speed for phy address 3: 100
MIC_PHY3_MMD2_REG4_BEFORE=0x0077
MIC_PHY3_MMD2_REG4_AFTER=0x0077
MIC_PHY3_MMD2_REG5_BEFORE=0x7777
MIC_PHY3_MMD2_REG5_AFTER=0x7777
MIC_PHY3_MMD2_REG6_BEFORE=0x7777
MIC_PHY3_MMD2_REG6_AFTER=0x7777
MIC_PHY3_MMD2_REG8_BEFORE=0x3DEF
MIC_PHY3_MMD2_REG8_AFTER=0x3DEF
MIC_PHY3_BMCR_100M=0x2100
MIC_GEM_FORCE_100M_NWCFG=0x011F20C3
MIC_PHY3_REG0=0x2100
MIC_PHY3_REG1=0x794D
MIC_PHY3_REG2=0x0022
MIC_PHY3_REG3=0x1622
MIC_PHY3_REG4=0x01E1
MIC_PHY3_REG5=0x0000
MIC_PHY3_REG6=0x0004
MIC_PHY3_REG7=0x2001
MIC_PHY3_REG8=0x0000
MIC_PHY3_REG9=0x0300
MIC_PHY3_REG10=0x0000
MIC_GEM0_IP=192.168.1.10 HOST=192.168.1.2 PORT=45123
MIC_LWIP_GEM0_READY
MIC_GEM_DIAG stage=POST_INIT VERSION=0x00020118 NWCTRL=0x0000001C NWCFG=0x011F20C3 TXSR=0x00000000 ISR=0x00000000 TXQBASE=0x00310008 TXQ1BASE=0x00000000 INTQ1STS=0x00000000 INTQ1IER=0x00000000 INTQ1IMR=0x00000000 OCTTXL=0x00000040 TXCNT=0x00000001 TXURUNCNT=0x00000000 TXCSENSECNT=0x00000000
MIC_GEM_TX_RING_BASE=0x00310000
MIC_GEM_TXRING index=0 WORD0=0x00000000 WORD1=0x80000000
MIC_GEM_TXRING index=1 WORD0=0x00000000 WORD1=0x80000000
MIC_GEM_TXRING index=2 WORD0=0x00000000 WORD1=0x80000000
MIC_GEM_TXRING index=3 WORD0=0x00000000 WORD1=0x80000000
MIC_GEM_TXRING index=4 WORD0=0x00000000 WORD1=0x80000000
MIC_GEM_TXRING index=5 WORD0=0x00000000 WORD1=0x80000000
MIC_GEM_TXRING index=6 WORD0=0x00000000 WORD1=0x80000000
MIC_GEM_TXRING index=7 WORD0=0x00000000 WORD1=0x80000000
MIC_GEM_TXBD index=0 WORD0=0x00000000 WORD1=0x80000000 USED=1 WRAP=0 LAST=0 LEN=0
MIC_GEM_TXBD index=1 WORD0=0x00000000 WORD1=0x80000000 USED=1 WRAP=0 LAST=0 LEN=0
MIC_GEM_TXBD index=2 WORD0=0x00000000 WORD1=0x80000000 USED=1 WRAP=0 LAST=0 LEN=0
MIC_GEM_TXBD index=3 WORD0=0x00000000 WORD1=0x80000000 USED=1 WRAP=0 LAST=0 LEN=0
MIC_GEM_TX_STATE stage=POST_INIT BASE=0x00310000 PHYS=0x00310000 HWHEAD=0x00310008 HWTAIL=0x00310008 PREHEAD=0x00310008 POSTHEAD=0x00310008 HWCNT=0 PRECNT=0 POSTCNT=0 FREECNT=64 ALLCNT=64 RUN=515
MIC_PHY_LOCAL_LOOPBACK_SKIPPED_STABLE_RUN
MIC_RX_DIAG stage=POST_INIT INPUT_CALLS=0 INPUT_PACKETS=0 RXSR=0x00000000 ISR=0x00000000 RXCNT=0 RX64=0 OCTRXL=0 HWCNT=64 FREECNT=0
MIC_ARP_REQUEST_ERR err=0
MIC_GEM_DIAG stage=ARP_AFTER VERSION=0x00020118 NWCTRL=0x0000001C NWCFG=0x011F20C3 TXSR=0x00000000 ISR=0x00000000 TXQBASE=0x00310010 TXQ1BASE=0x00000000 INTQ1STS=0x00000000 INTQ1IER=0x00000000 INTQ1IMR=0x00000000 OCTTXL=0x00000040 TXCNT=0x00000001 TXURUNCNT=0x00000000 TXCSENSECNT=0x00000000
MIC_GEM_TX_RING_BASE=0x00310000
MIC_GEM_TXRING index=0 WORD0=0x00000000 WORD1=0x80000000
MIC_GEM_TXRING index=1 WORD0=0x00000000 WORD1=0x80000000
MIC_GEM_TXRING index=2 WORD0=0x00000000 WORD1=0x80000000
MIC_GEM_TXRING index=3 WORD0=0x00000000 WORD1=0x80000000
MIC_GEM_TXRING index=4 WORD0=0x00000000 WORD1=0x80000000
MIC_GEM_TXRING index=5 WORD0=0x00000000 WORD1=0x80000000
MIC_GEM_TXRING index=6 WORD0=0x00000000 WORD1=0x80000000
MIC_GEM_TXRING index=7 WORD0=0x00000000 WORD1=0x80000000
MIC_GEM_TXBD index=0 WORD0=0x00000000 WORD1=0x80000000 USED=1 WRAP=0 LAST=0 LEN=0
MIC_GEM_TXBD index=1 WORD0=0x00000000 WORD1=0x80000000 USED=1 WRAP=0 LAST=0 LEN=0
MIC_GEM_TXBD index=2 WORD0=0x00000000 WORD1=0x80000000 USED=1 WRAP=0 LAST=0 LEN=0
MIC_GEM_TXBD index=3 WORD0=0x00000000 WORD1=0x80000000 USED=1 WRAP=0 LAST=0 LEN=0
MIC_GEM_TX_STATE stage=ARP_AFTER BASE=0x00310000 PHYS=0x00310000 HWHEAD=0x00310010 HWTAIL=0x00310010 PREHEAD=0x00310010 POSTHEAD=0x00310010 HWCNT=0 PRECNT=0 POSTCNT=0 FREECNT=64 ALLCNT=64 RUN=515
MIC_GEM_DIAG stage=RAW_ARP_BEFORE VERSION=0x00020118 NWCTRL=0x0000001C NWCFG=0x011F20C3 TXSR=0x00000000 ISR=0x00000000 TXQBASE=0x00310010 TXQ1BASE=0x00000000 INTQ1STS=0x00000000 INTQ1IER=0x00000000 INTQ1IMR=0x00000000 OCTTXL=0x00000000 TXCNT=0x00000000 TXURUNCNT=0x00000000 TXCSENSECNT=0x00000000
MIC_GEM_TX_RING_BASE=0x00310000
MIC_GEM_TXRING index=0 WORD0=0x00000000 WORD1=0x80000000
MIC_GEM_TXRING index=1 WORD0=0x00000000 WORD1=0x80000000
MIC_GEM_TXRING index=2 WORD0=0x00000000 WORD1=0x80000000
MIC_GEM_TXRING index=3 WORD0=0x00000000 WORD1=0x80000000
MIC_GEM_TXRING index=4 WORD0=0x00000000 WORD1=0x80000000
MIC_GEM_TXRING index=5 WORD0=0x00000000 WORD1=0x80000000
MIC_GEM_TXRING index=6 WORD0=0x00000000 WORD1=0x80000000
MIC_GEM_TXRING index=7 WORD0=0x00000000 WORD1=0x80000000
MIC_GEM_TXBD index=0 WORD0=0x00000000 WORD1=0x80000000 USED=1 WRAP=0 LAST=0 LEN=0
MIC_GEM_TXBD index=1 WORD0=0x00000000 WORD1=0x80000000 USED=1 WRAP=0 LAST=0 LEN=0
MIC_GEM_TXBD index=2 WORD0=0x00000000 WORD1=0x80000000 USED=1 WRAP=0 LAST=0 LEN=0
MIC_GEM_TXBD index=3 WORD0=0x00000000 WORD1=0x80000000 USED=1 WRAP=0 LAST=0 LEN=0
MIC_RAW_ARP_SEND_ERR err=0 length=60
MIC_GEM_DIAG stage=RAW_ARP_AFTER VERSION=0x00020118 NWCTRL=0x0000001C NWCFG=0x011F20C3 TXSR=0x00000000 ISR=0x00000000 TXQBASE=0x00310018 TXQ1BASE=0x00000000 INTQ1STS=0x00000000 INTQ1IER=0x00000000 INTQ1IMR=0x00000000 OCTTXL=0x00000040 TXCNT=0x00000001 TXURUNCNT=0x00000000 TXCSENSECNT=0x00000000
MIC_GEM_TX_RING_BASE=0x00310000
MIC_GEM_TXRING index=0 WORD0=0x00000000 WORD1=0x80000000
MIC_GEM_TXRING index=1 WORD0=0x00000000 WORD1=0x80000000
MIC_GEM_TXRING index=2 WORD0=0x00000000 WORD1=0x80000000
MIC_GEM_TXRING index=3 WORD0=0x00000000 WORD1=0x80000000
MIC_GEM_TXRING index=4 WORD0=0x00000000 WORD1=0x80000000
MIC_GEM_TXRING index=5 WORD0=0x00000000 WORD1=0x80000000
MIC_GEM_TXRING index=6 WORD0=0x00000000 WORD1=0x80000000
MIC_GEM_TXRING index=7 WORD0=0x00000000 WORD1=0x80000000
MIC_GEM_TXBD index=0 WORD0=0x00000000 WORD1=0x80000000 USED=1 WRAP=0 LAST=0 LEN=0
MIC_GEM_TXBD index=1 WORD0=0x00000000 WORD1=0x80000000 USED=1 WRAP=0 LAST=0 LEN=0
MIC_GEM_TXBD index=2 WORD0=0x00000000 WORD1=0x80000000 USED=1 WRAP=0 LAST=0 LEN=0
MIC_GEM_TXBD index=3 WORD0=0x00000000 WORD1=0x80000000 USED=1 WRAP=0 LAST=0 LEN=0
MIC_GEM_TX_STATE stage=RAW_ARP_AFTER BASE=0x00310000 PHYS=0x00310000 HWHEAD=0x00310018 HWTAIL=0x00310018 PREHEAD=0x00310018 POSTHEAD=0x00310018 HWCNT=0 PRECNT=0 POSTCNT=0 FREECNT=64 ALLCNT=64 RUN=515
MIC_GEM_DIAG stage=RAW_BEFORE VERSION=0x00020118 NWCTRL=0x0000001C NWCFG=0x011F20C3 TXSR=0x00000000 ISR=0x00000000 TXQBASE=0x00310018 TXQ1BASE=0x00000000 INTQ1STS=0x00000000 INTQ1IER=0x00000000 INTQ1IMR=0x00000000 OCTTXL=0x00000000 TXCNT=0x00000000 TXURUNCNT=0x00000000 TXCSENSECNT=0x00000000
MIC_GEM_TX_RING_BASE=0x00310000
MIC_GEM_TXRING index=0 WORD0=0x00000000 WORD1=0x80000000
MIC_GEM_TXRING index=1 WORD0=0x00000000 WORD1=0x80000000
MIC_GEM_TXRING index=2 WORD0=0x00000000 WORD1=0x80000000
MIC_GEM_TXRING index=3 WORD0=0x00000000 WORD1=0x80000000
MIC_GEM_TXRING index=4 WORD0=0x00000000 WORD1=0x80000000
MIC_GEM_TXRING index=5 WORD0=0x00000000 WORD1=0x80000000
MIC_GEM_TXRING index=6 WORD0=0x00000000 WORD1=0x80000000
MIC_GEM_TXRING index=7 WORD0=0x00000000 WORD1=0x80000000
MIC_GEM_TXBD index=0 WORD0=0x00000000 WORD1=0x80000000 USED=1 WRAP=0 LAST=0 LEN=0
MIC_GEM_TXBD index=1 WORD0=0x00000000 WORD1=0x80000000 USED=1 WRAP=0 LAST=0 LEN=0
MIC_GEM_TXBD index=2 WORD0=0x00000000 WORD1=0x80000000 USED=1 WRAP=0 LAST=0 LEN=0
MIC_GEM_TXBD index=3 WORD0=0x00000000 WORD1=0x80000000 USED=1 WRAP=0 LAST=0 LEN=0
MIC_RAW_L2_SEND_ERR err=0 length=60
MIC_GEM_DIAG stage=RAW_AFTER VERSION=0x00020118 NWCTRL=0x0000001C NWCFG=0x011F20C3 TXSR=0x00000000 ISR=0x00000000 TXQBASE=0x00310020 TXQ1BASE=0x00000000 INTQ1STS=0x00000000 INTQ1IER=0x00000000 INTQ1IMR=0x00000000 OCTTXL=0x00000040 TXCNT=0x00000001 TXURUNCNT=0x00000000 TXCSENSECNT=0x00000000
MIC_GEM_TX_RING_BASE=0x00310000
MIC_GEM_TXRING index=0 WORD0=0x00000000 WORD1=0x80000000
MIC_GEM_TXRING index=1 WORD0=0x00000000 WORD1=0x80000000
MIC_GEM_TXRING index=2 WORD0=0x00000000 WORD1=0x80000000
MIC_GEM_TXRING index=3 WORD0=0x00000000 WORD1=0x80000000
MIC_GEM_TXRING index=4 WORD0=0x00000000 WORD1=0x80000000
MIC_GEM_TXRING index=5 WORD0=0x00000000 WORD1=0x80000000
MIC_GEM_TXRING index=6 WORD0=0x00000000 WORD1=0x80000000
MIC_GEM_TXRING index=7 WORD0=0x00000000 WORD1=0x80000000
MIC_GEM_TXBD index=0 WORD0=0x00000000 WORD1=0x80000000 USED=1 WRAP=0 LAST=0 LEN=0
MIC_GEM_TXBD index=1 WORD0=0x00000000 WORD1=0x80000000 USED=1 WRAP=0 LAST=0 LEN=0
MIC_GEM_TXBD index=2 WORD0=0x00000000 WORD1=0x80000000 USED=1 WRAP=0 LAST=0 LEN=0
MIC_GEM_TXBD index=3 WORD0=0x00000000 WORD1=0x80000000 USED=1 WRAP=0 LAST=0 LEN=0
MIC_GEM_TX_STATE stage=RAW_AFTER BASE=0x00310000 PHYS=0x00310000 HWHEAD=0x00310020 HWTAIL=0x00310020 PREHEAD=0x00310020 POSTHEAD=0x00310020 HWCNT=0 PRECNT=0 POSTCNT=0 FREECNT=64 ALLCNT=64 RUN=515
MIC_DYNAMIC_ARP_WAIT_BEGIN
MIC_RX_DIAG stage=DYNAMIC_ARP_WAIT INPUT_CALLS=3000 INPUT_PACKETS=8 RXSR=0x00000000 ISR=0x00000000 RXCNT=0 RX64=5 OCTRXL=662 HWCNT=64 FREECNT=0
MIC_ARP_ENTRY state=STABLE IP=192.168.1.2 MAC=00:E0:4C:17:46:98
MIC_ARP_STATIC_ADD_ERR err=0 MAC=00:E0:4C:17:46:98
MIC_ARP_ENTRY state=STABLE IP=192.168.1.2 MAC=00:E0:4C:17:46:98
MIC_GEM_DIAG stage=UDP_BEFORE VERSION=0x00020118 NWCTRL=0x0000001C NWCFG=0x011F20C3 TXSR=0x00000000 ISR=0x00000000 TXQBASE=0x00310020 TXQ1BASE=0x00000000 INTQ1STS=0x00000000 INTQ1IER=0x00000000 INTQ1IMR=0x00000000 OCTTXL=0x00000000 TXCNT=0x00000000 TXURUNCNT=0x00000000 TXCSENSECNT=0x00000000
MIC_GEM_TX_RING_BASE=0x00310000
MIC_GEM_TXRING index=0 WORD0=0x00000000 WORD1=0x80000000
MIC_GEM_TXRING index=1 WORD0=0x00000000 WORD1=0x80000000
MIC_GEM_TXRING index=2 WORD0=0x00000000 WORD1=0x80000000
MIC_GEM_TXRING index=3 WORD0=0x00000000 WORD1=0x80000000
MIC_GEM_TXRING index=4 WORD0=0x00000000 WORD1=0x80000000
MIC_GEM_TXRING index=5 WORD0=0x00000000 WORD1=0x80000000
MIC_GEM_TXRING index=6 WORD0=0x00000000 WORD1=0x80000000
MIC_GEM_TXRING index=7 WORD0=0x00000000 WORD1=0x80000000
MIC_GEM_TXBD index=0 WORD0=0x00000000 WORD1=0x80000000 USED=1 WRAP=0 LAST=0 LEN=0
MIC_GEM_TXBD index=1 WORD0=0x00000000 WORD1=0x80000000 USED=1 WRAP=0 LAST=0 LEN=0
MIC_GEM_TXBD index=2 WORD0=0x00000000 WORD1=0x80000000 USED=1 WRAP=0 LAST=0 LEN=0
MIC_GEM_TXBD index=3 WORD0=0x00000000 WORD1=0x80000000 USED=1 WRAP=0 LAST=0 LEN=0
MIC_UDP_SEND_ERR index=0 err=0 length=20
MIC_GEM_DIAG stage=UDP_AFTER VERSION=0x00020118 NWCTRL=0x0000001C NWCFG=0x011F20C3 TXSR=0x00000000 ISR=0x00000000 TXQBASE=0x00310028 TXQ1BASE=0x00000000 INTQ1STS=0x00000000 INTQ1IER=0x00000000 INTQ1IMR=0x00000000 OCTTXL=0x00000042 TXCNT=0x00000001 TXURUNCNT=0x00000000 TXCSENSECNT=0x00000000
MIC_GEM_TX_RING_BASE=0x00310000
MIC_GEM_TXRING index=0 WORD0=0x00000000 WORD1=0x80000000
MIC_GEM_TXRING index=1 WORD0=0x00000000 WORD1=0x80000000
MIC_GEM_TXRING index=2 WORD0=0x00000000 WORD1=0x80000000
MIC_GEM_TXRING index=3 WORD0=0x00000000 WORD1=0x80000000
MIC_GEM_TXRING index=4 WORD0=0x00000000 WORD1=0x80000000
MIC_GEM_TXRING index=5 WORD0=0x00000000 WORD1=0x80000000
MIC_GEM_TXRING index=6 WORD0=0x00000000 WORD1=0x80000000
MIC_GEM_TXRING index=7 WORD0=0x00000000 WORD1=0x80000000
MIC_GEM_TXBD index=0 WORD0=0x00000000 WORD1=0x80000000 USED=1 WRAP=0 LAST=0 LEN=0
MIC_GEM_TXBD index=1 WORD0=0x00000000 WORD1=0x80000000 USED=1 WRAP=0 LAST=0 LEN=0
MIC_GEM_TXBD index=2 WORD0=0x00000000 WORD1=0x80000000 USED=1 WRAP=0 LAST=0 LEN=0
MIC_GEM_TXBD index=3 WORD0=0x00000000 WORD1=0x80000000 USED=1 WRAP=0 LAST=0 LEN=0
MIC_STATIC_HEARTBEAT index=0 ok=1
MIC_GEM_DIAG stage=UDP_BEFORE VERSION=0x00020118 NWCTRL=0x0000001C NWCFG=0x011F20C3 TXSR=0x00000000 ISR=0x00000000 TXQBASE=0x00310028 TXQ1BASE=0x00000000 INTQ1STS=0x00000000 INTQ1IER=0x00000000 INTQ1IMR=0x00000000 OCTTXL=0x00000000 TXCNT=0x00000000 TXURUNCNT=0x00000000 TXCSENSECNT=0x00000000
MIC_GEM_TX_RING_BASE=0x00310000
MIC_GEM_TXRING index=0 WORD0=0x00000000 WORD1=0x80000000
MIC_GEM_TXRING index=1 WORD0=0x00000000 WORD1=0x80000000
MIC_GEM_TXRING index=2 WORD0=0x00000000 WORD1=0x80000000
MIC_GEM_TXRING index=3 WORD0=0x00000000 WORD1=0x80000000
MIC_GEM_TXRING index=4 WORD0=0x00000000 WORD1=0x80000000
MIC_GEM_TXRING index=5 WORD0=0x00000000 WORD1=0x80000000
MIC_GEM_TXRING index=6 WORD0=0x00000000 WORD1=0x80000000
MIC_GEM_TXRING index=7 WORD0=0x00000000 WORD1=0x80000000
MIC_GEM_TXBD index=0 WORD0=0x00000000 WORD1=0x80000000 USED=1 WRAP=0 LAST=0 LEN=0
MIC_GEM_TXBD index=1 WORD0=0x00000000 WORD1=0x80000000 USED=1 WRAP=0 LAST=0 LEN=0
MIC_GEM_TXBD index=2 WORD0=0x00000000 WORD1=0x80000000 USED=1 WRAP=0 LAST=0 LEN=0
MIC_GEM_TXBD index=3 WORD0=0x00000000 WORD1=0x80000000 USED=1 WRAP=0 LAST=0 LEN=0
MIC_UDP_SEND_ERR index=1 err=0 length=20
MIC_GEM_DIAG stage=UDP_AFTER VERSION=0x00020118 NWCTRL=0x0000001C NWCFG=0x011F20C3 TXSR=0x00000000 ISR=0x00000000 TXQBASE=0x00310030 TXQ1BASE=0x00000000 INTQ1STS=0x00000000 INTQ1IER=0x00000000 INTQ1IMR=0x00000000 OCTTXL=0x00000042 TXCNT=0x00000001 TXURUNCNT=0x00000000 TXCSENSECNT=0x00000000
MIC_GEM_TX_RING_BASE=0x00310000
MIC_GEM_TXRING index=0 WORD0=0x00000000 WORD1=0x80000000
MIC_GEM_TXRING index=1 WORD0=0x00000000 WORD1=0x80000000
MIC_GEM_TXRING index=2 WORD0=0x00000000 WORD1=0x80000000
MIC_GEM_TXRING index=3 WORD0=0x00000000 WORD1=0x80000000
MIC_GEM_TXRING index=4 WORD0=0x00000000 WORD1=0x80000000
MIC_GEM_TXRING index=5 WORD0=0x00000000 WORD1=0x80000000
MIC_GEM_TXRING index=6 WORD0=0x00000000 WORD1=0x80000000
MIC_GEM_TXRING index=7 WORD0=0x00000000 WORD1=0x80000000
MIC_GEM_TXBD index=0 WORD0=0x00000000 WORD1=0x80000000 USED=1 WRAP=0 LAST=0 LEN=0
MIC_GEM_TXBD index=1 WORD0=0x00000000 WORD1=0x80000000 USED=1 WRAP=0 LAST=0 LEN=0
MIC_GEM_TXBD index=2 WORD0=0x00000000 WORD1=0x80000000 USED=1 WRAP=0 LAST=0 LEN=0
MIC_GEM_TXBD index=3 WORD0=0x00000000 WORD1=0x80000000 USED=1 WRAP=0 LAST=0 LEN=0
MIC_STATIC_HEARTBEAT index=1 ok=1
MIC_GEM_DIAG stage=UDP_BEFORE VERSION=0x00020118 NWCTRL=0x0000001C NWCFG=0x011F20C3 TXSR=0x00000000 ISR=0x00000000 TXQBASE=0x00310030 TXQ1BASE=0x00000000 INTQ1STS=0x00000000 INTQ1IER=0x00000000 INTQ1IMR=0x00000000 OCTTXL=0x00000000 TXCNT=0x00000000 TXURUNCNT=0x00000000 TXCSENSECNT=0x00000000
MIC_GEM_TX_RING_BASE=0x00310000
MIC_GEM_TXRING index=0 WORD0=0x00000000 WORD1=0x80000000
MIC_GEM_TXRING index=1 WORD0=0x00000000 WORD1=0x80000000
MIC_GEM_TXRING index=2 WORD0=0x00000000 WORD1=0x80000000
MIC_GEM_TXRING index=3 WORD0=0x00000000 WORD1=0x80000000
MIC_GEM_TXRING index=4 WORD0=0x00000000 WORD1=0x80000000
MIC_GEM_TXRING index=5 WORD0=0x00000000 WORD1=0x80000000
MIC_GEM_TXRING index=6 WORD0=0x00000000 WORD1=0x80000000
MIC_GEM_TXRING index=7 WORD0=0x00000000 WORD1=0x80000000
MIC_GEM_TXBD index=0 WORD0=0x00000000 WORD1=0x80000000 USED=1 WRAP=0 LAST=0 LEN=0
MIC_GEM_TXBD index=1 WORD0=0x00000000 WORD1=0x80000000 USED=1 WRAP=0 LAST=0 LEN=0
MIC_GEM_TXBD index=2 WORD0=0x00000000 WORD1=0x80000000 USED=1 WRAP=0 LAST=0 LEN=0
MIC_GEM_TXBD index=3 WORD0=0x00000000 WORD1=0x80000000 USED=1 WRAP=0 LAST=0 LEN=0
MIC_UDP_SEND_ERR index=2 err=0 length=20
MIC_GEM_DIAG stage=UDP_AFTER VERSION=0x00020118 NWCTRL=0x0000001C NWCFG=0x011F20C3 TXSR=0x00000000 ISR=0x00000000 TXQBASE=0x00310038 TXQ1BASE=0x00000000 INTQ1STS=0x00000000 INTQ1IER=0x00000000 INTQ1IMR=0x00000000 OCTTXL=0x00000042 TXCNT=0x00000001 TXURUNCNT=0x00000000 TXCSENSECNT=0x00000000
MIC_GEM_TX_RING_BASE=0x00310000
MIC_GEM_TXRING index=0 WORD0=0x00000000 WORD1=0x80000000
MIC_GEM_TXRING index=1 WORD0=0x00000000 WORD1=0x80000000
MIC_GEM_TXRING index=2 WORD0=0x00000000 WORD1=0x80000000
MIC_GEM_TXRING index=3 WORD0=0x00000000 WORD1=0x80000000
MIC_GEM_TXRING index=4 WORD0=0x00000000 WORD1=0x80000000
MIC_GEM_TXRING index=5 WORD0=0x00000000 WORD1=0x80000000
MIC_GEM_TXRING index=6 WORD0=0x00000000 WORD1=0x80000000
MIC_GEM_TXRING index=7 WORD0=0x00000000 WORD1=0x80000000
MIC_GEM_TXBD index=0 WORD0=0x00000000 WORD1=0x80000000 USED=1 WRAP=0 LAST=0 LEN=0
MIC_GEM_TXBD index=1 WORD0=0x00000000 WORD1=0x80000000 USED=1 WRAP=0 LAST=0 LEN=0
MIC_GEM_TXBD index=2 WORD0=0x00000000 WORD1=0x80000000 USED=1 WRAP=0 LAST=0 LEN=0
MIC_GEM_TXBD index=3 WORD0=0x00000000 WORD1=0x80000000 USED=1 WRAP=0 LAST=0 LEN=0
MIC_STATIC_HEARTBEAT index=2 ok=1
MIC_STATIC_HEARTBEAT index=3 ok=1
MIC_STATIC_HEARTBEAT index=4 ok=1
MIC_STATIC_HEARTBEAT index=5 ok=1
MIC_STATIC_HEARTBEAT index=6 ok=1
MIC_STATIC_HEARTBEAT index=7 ok=1
MIC_STATIC_HEARTBEAT index=8 ok=1
MIC_STATIC_HEARTBEAT index=9 ok=1
MIC_STATIC_HEARTBEAT index=10 ok=1
MIC_STATIC_HEARTBEAT index=11 ok=1
MIC_STATIC_HEARTBEAT index=12 ok=1
MIC_STATIC_HEARTBEAT index=13 ok=1
MIC_STATIC_HEARTBEAT index=14 ok=1
MIC_STATIC_HEARTBEAT index=15 ok=1
MIC_STATIC_HEARTBEAT index=16 ok=1
MIC_STATIC_HEARTBEAT index=17 ok=1
MIC_STATIC_HEARTBEAT index=18 ok=1
MIC_STATIC_HEARTBEAT index=19 ok=1
MIC_RX_DIAG stage=STATIC_HEARTBEAT_DONE INPUT_CALLS=3020 INPUT_PACKETS=18 RXSR=0x00000000 ISR=0x00000000 RXCNT=0 RX64=1 OCTRXL=1090 HWCNT=64 FREECNT=0
MIC_RAW_UDP_SEND index=0 err=0 length=69
MIC_RAW_UDP_SEND index=1 err=0 length=69
MIC_RAW_UDP_SEND index=2 err=0 length=69
MIC_RAW_UDP_SEND index=3 err=0 length=69
MIC_RAW_UDP_SEND index=4 err=0 length=69
MIC_RAW_UDP_SEND index=5 err=0 length=69
MIC_RAW_UDP_SEND index=6 err=0 length=69
MIC_RAW_UDP_SEND index=7 err=0 length=69
MIC_RAW_UDP_SEND index=8 err=0 length=69
MIC_RAW_UDP_SEND index=9 err=0 length=69
MIC_RX_DIAG stage=RAW_UDP_DONE INPUT_CALLS=3030 INPUT_PACKETS=19 RXSR=0x00000000 ISR=0x00000000 RXCNT=0 RX64=1 OCTRXL=64 HWCNT=64 FREECNT=0
MIC_BEFORE_DMA_LOOKUP
MIC_AFTER_DMA_LOOKUP
MIC_BEFORE_DMA_CFG
MIC_AFTER_DMA_CFG
MIC_DMA_AXIL_PHYSICAL_PASS
MIC_DMA_DEVICE_ID=0 BASE=0x40400000
MIC_CAPTURE_ARMED
MIC_UDP_PCM_SENT frame=0 seq=21
MIC_UDP_PCM_SENT frame=256 seq=533
MIC_UDP_PCM_SENT frame=512 seq=1045
MIC_UDP_PCM_SENT frame=768 seq=1557
MIC_UDP_PCM_SENT frame=1024 seq=2069
MIC_UDP_PCM_SENT frame=1280 seq=2581
MIC_UDP_PCM_SENT frame=1536 seq=3093
MIC_UDP_PCM_SENT frame=1792 seq=3605
MIC_UDP_PCM_SENT frame=2048 seq=4117
MIC_UDP_PCM_SENT frame=2304 seq=4629
MIC_UDP_PCM_SENT frame=2560 seq=5141
MIC_UDP_PCM_SENT frame=2816 seq=5653
MIC_UDP_PCM_SENT frame=3072 seq=6165
MIC_UDP_PCM_SENT frame=3328 seq=6677
MIC_UDP_PCM_SENT frame=3584 seq=7189
MIC_UDP_PCM_SENT frame=3840 seq=7701
MIC_UDP_PCM_SENT frame=4096 seq=8213
MIC_UDP_PCM_SENT frame=4352 seq=8725
MIC_UDP_PCM_SENT frame=4608 seq=9237
MIC_UDP_PCM_SENT frame=4864 seq=9749
MIC_UDP_PCM_SENT frame=5120 seq=10261
MIC_UDP_PCM_SENT frame=5376 seq=10773
MIC_UDP_PCM_SENT frame=5632 seq=11285
MIC_UDP_PCM_SENT frame=5888 seq=11797
MIC_UDP_PCM_SENT frame=6144 seq=12309
MIC_UDP_PCM_SENT frame=6400 seq=12821
MIC_UDP_PCM_SENT frame=6656 seq=13333
MIC_UDP_PCM_SENT frame=6912 seq=13845
MIC_UDP_PCM_SENT frame=7168 seq=14357
MIC_UDP_PCM_SENT frame=7424 seq=14869
MIC_UDP_PCM_SENT frame=7680 seq=15381
MIC_UDP_PCM_SENT frame=7936 seq=15893
MIC_UDP_PCM_SENT frame=8192 seq=16405
MIC_UDP_PCM_SENT frame=8448 seq=16917
MIC_UDP_PCM_SENT frame=8704 seq=17429
MIC_UDP_PCM_SENT frame=8960 seq=17941
MIC_UDP_PCM_SENT frame=9216 seq=18453
MIC_UDP_PCM_SENT frame=9472 seq=18965
MIC_UDP_PCM_SENT frame=9728 seq=19477
MIC_UDP_PCM_SENT frame=9984 seq=19989
MIC_UDP_PCM_SENT frame=10240 seq=20501
MIC_UDP_PCM_SENT frame=10496 seq=21013
MIC_UDP_PCM_SENT frame=10752 seq=21525
MIC_UDP_PCM_SENT frame=11008 seq=22037
MIC_UDP_PCM_SENT frame=11264 seq=22549
MIC_UDP_PCM_SENT frame=11520 seq=23061
MIC_UDP_PCM_SENT frame=11776 seq=23573
MIC_UDP_PCM_SENT frame=12032 seq=24085
MIC_UDP_PCM_SENT frame=12288 seq=24597
MIC_UDP_PCM_SENT frame=12544 seq=25109
MIC_UDP_PCM_SENT frame=12800 seq=25621
MIC_UDP_PCM_SENT frame=13056 seq=26133
MIC_UDP_PCM_SENT frame=13312 seq=26645
MIC_UDP_PCM_SENT frame=13568 seq=27157
MIC_UDP_PCM_SENT frame=13824 seq=27669
MIC_UDP_PCM_SENT frame=14080 seq=28181
MIC_UDP_PCM_SENT frame=14336 seq=28693
MIC_UDP_PCM_SENT frame=14592 seq=29205
MIC_UDP_PCM_SENT frame=14848 seq=29717
MIC_UDP_PCM_SENT frame=15104 seq=30229
MIC_UDP_PCM_SENT frame=15360 seq=30741
MIC_UDP_PCM_SENT frame=15616 seq=31253
MIC_UDP_PCM_SENT frame=15872 seq=31765
MIC_UDP_PCM_SENT frame=16128 seq=32277
MIC_UDP_PCM_SENT frame=16384 seq=32789
MIC_UDP_PCM_SENT frame=16640 seq=33301
MIC_UDP_PCM_SENT frame=16896 seq=33813
MIC_UDP_PCM_SENT frame=17152 seq=34325
MIC_UDP_PCM_SENT frame=17408 seq=34837
MIC_UDP_PCM_SENT frame=17664 seq=35349
MIC_UDP_PCM_SENT frame=17920 seq=35861
MIC_UDP_PCM_SENT frame=18176 seq=36373
MIC_UDP_PCM_SENT frame=18432 seq=36885
MIC_UDP_PCM_SENT frame=18688 seq=37397
MIC_UDP_PCM_SENT frame=18944 seq=37909
MIC_UDP_PCM_SENT frame=19200 seq=38421
MIC_UDP_PCM_SENT frame=19456 seq=38933
MIC_UDP_PCM_SENT frame=19712 seq=39445
MIC_UDP_PCM_SENT frame=19968 seq=39957
MIC_UDP_PCM_SENT frame=20224 seq=40469
MIC_UDP_PCM_SENT frame=20480 seq=40981
MIC_UDP_PCM_SENT frame=20736 seq=41493
MIC_UDP_PCM_SENT frame=20992 seq=42005
MIC_UDP_PCM_SENT frame=21248 seq=42517
MIC_UDP_PCM_SENT frame=21504 seq=43029
MIC_UDP_PCM_SENT frame=21760 seq=43541
MIC_UDP_PCM_SENT frame=22016 seq=44053
MIC_UDP_PCM_SENT frame=22272 seq=44565
MIC_UDP_PCM_SENT frame=22528 seq=45077
MIC_UDP_PCM_SENT frame=22784 seq=45589
MIC_UDP_PCM_SENT frame=23040 seq=46101
MIC_UDP_PCM_SENT frame=23296 seq=46613
MIC_UDP_PCM_SENT frame=23552 seq=47125
MIC_UDP_PCM_SENT frame=23808 seq=47637
MIC_UDP_PCM_SENT frame=24064 seq=48149
MIC_UDP_PCM_SENT frame=24320 seq=48661
MIC_UDP_PCM_SENT frame=24576 seq=49173
MIC_UDP_PCM_SENT frame=24832 seq=49685
MIC_UDP_PCM_SENT frame=25088 seq=50197
MIC_UDP_PCM_SENT frame=25344 seq=50709
MIC_UDP_PCM_SENT frame=25600 seq=51221
MIC_UDP_PCM_SENT frame=25856 seq=51733
MIC_UDP_PCM_SENT frame=26112 seq=52245
MIC_UDP_PCM_SENT frame=26368 seq=52757
MIC_UDP_PCM_SENT frame=26624 seq=53269
MIC_UDP_PCM_SENT frame=26880 seq=53781
MIC_UDP_PCM_SENT frame=27136 seq=54293
MIC_UDP_PCM_SENT frame=27392 seq=54805
MIC_UDP_PCM_SENT frame=27648 seq=55317
MIC_UDP_PCM_SENT frame=27904 seq=55829
MIC_UDP_PCM_SENT frame=28160 seq=56341
MIC_UDP_PCM_SENT frame=28416 seq=56853
MIC_UDP_PCM_SENT frame=28672 seq=57365
MIC_UDP_PCM_SENT frame=28928 seq=57877
MIC_UDP_PCM_SENT frame=29184 seq=58389
MIC_UDP_PCM_SENT frame=29440 seq=58901
MIC_UDP_PCM_SENT frame=29696 seq=59413
MIC_UDP_PCM_SENT frame=29952 seq=59925
MIC_UDP_PCM_SENT frame=30208 seq=60437
MIC_UDP_PCM_SENT frame=30464 seq=60949
MIC_UDP_PCM_SENT frame=30720 seq=61461
MIC_UDP_PCM_SENT frame=30976 seq=61973
MIC_UDP_PCM_SENT frame=31232 seq=62485
MIC_UDP_PCM_SENT frame=31488 seq=62997
MIC_UDP_PCM_SENT frame=31744 seq=63509
MIC_UDP_PCM_SENT frame=32000 seq=64021
MIC_UDP_PCM_SENT frame=32256 seq=64533
MIC_UDP_PCM_SENT frame=32512 seq=65045
MIC_UDP_PCM_SENT frame=32768 seq=65557
MIC_UDP_PCM_SENT frame=33024 seq=66069
MIC_UDP_PCM_SENT frame=33280 seq=66581
MIC_UDP_PCM_SENT frame=33536 seq=67093
MIC_UDP_PCM_SENT frame=33792 seq=67605
MIC_UDP_PCM_SENT frame=34048 seq=68117
MIC_UDP_PCM_SENT frame=34304 seq=68629
MIC_UDP_PCM_SENT frame=34560 seq=69141
MIC_UDP_PCM_SENT frame=34816 seq=69653
MIC_UDP_PCM_SENT frame=35072 seq=70165
MIC_UDP_PCM_SENT frame=35328 seq=70677
MIC_UDP_PCM_SENT frame=35584 seq=71189
MIC_UDP_PCM_SENT frame=35840 seq=71701
MIC_UDP_PCM_SENT frame=36096 seq=72213
MIC_UDP_PCM_SENT frame=36352 seq=72725
MIC_UDP_PCM_SENT frame=36608 seq=73237
MIC_UDP_PCM_SENT frame=36864 seq=73749
MIC_UDP_PCM_SENT frame=37120 seq=74261
MIC_UDP_PCM_SENT frame=37376 seq=74773
MIC_UDP_PCM_SENT frame=37632 seq=75285
MIC_UDP_PCM_SENT frame=37888 seq=75797
MIC_UDP_PCM_SENT frame=38144 seq=76309
MIC_UDP_PCM_SENT frame=38400 seq=76821
MIC_UDP_PCM_SENT frame=38656 seq=77333
MIC_UDP_PCM_SENT frame=38912 seq=77845
MIC_UDP_PCM_SENT frame=39168 seq=78357
MIC_UDP_PCM_SENT frame=39424 seq=78869
MIC_UDP_PCM_SENT frame=39680 seq=79381
MIC_UDP_PCM_SENT frame=39936 seq=79893
MIC_UDP_PCM_SENT frame=40192 seq=80405
MIC_UDP_PCM_SENT frame=40448 seq=80917
MIC_UDP_PCM_SENT frame=40704 seq=81429
MIC_UDP_PCM_SENT frame=40960 seq=81941
MIC_UDP_PCM_SENT frame=41216 seq=82453
MIC_UDP_PCM_SENT frame=41472 seq=82965
MIC_UDP_PCM_SENT frame=41728 seq=83477
MIC_UDP_PCM_SENT frame=41984 seq=83989
MIC_UDP_PCM_SENT frame=42240 seq=84501
MIC_UDP_PCM_SENT frame=42496 seq=85013
MIC_UDP_PCM_SENT frame=42752 seq=85525
MIC_UDP_PCM_SENT frame=43008 seq=86037
MIC_UDP_PCM_SENT frame=43264 seq=86549
MIC_UDP_PCM_SENT frame=43520 seq=87061
MIC_UDP_PCM_SENT frame=43776 seq=87573
MIC_UDP_PCM_SENT frame=44032 seq=88085
MIC_UDP_PCM_SENT frame=44288 seq=88597
MIC_UDP_PCM_SENT frame=44544 seq=89109
MIC_UDP_PCM_SENT frame=44800 seq=89621
MIC_UDP_PCM_SENT frame=45056 seq=90133
MIC_UDP_PCM_SENT frame=45312 seq=90645
MIC_UDP_PCM_SENT frame=45568 seq=91157
MIC_UDP_PCM_SENT frame=45824 seq=91669
MIC_UDP_PCM_SENT frame=46080 seq=92181
MIC_UDP_PCM_SENT frame=46336 seq=92693
MIC_UDP_PCM_SENT frame=46592 seq=93205
MIC_UDP_PCM_SENT frame=46848 seq=93717
MIC_UDP_PCM_SENT frame=47104 seq=94229
MIC_UDP_PCM_SENT frame=47360 seq=94741
